<html>
<body>
<pre>
<h1>µVision Build Log</h1>
<h2>Tool Versions:</h2>
IDE-Version: µVision V5.24.2.0
Copyright (C) 2017 ARM Ltd and ARM Germany GmbH. All rights reserved.
License Information: Lola Liu,  , LIC=----
 
Tool Versions:
Toolchain:       MDK-Lite  Version: 5.24.1
Toolchain Path:  C:\Keil_v5\ARM\ARMCC\Bin
C Compiler:      Armcc.exe V5.06 update 5 (build 528)
Assembler:       Armasm.exe V5.06 update 5 (build 528)
Linker/Locator:  ArmLink.exe V5.06 update 5 (build 528)
Library Manager: ArmAr.exe V5.06 update 5 (build 528)
Hex Converter:   FromElf.exe V5.06 update 5 (build 528)
CPU DLL:         SARMCM3.DLL V5.24.1
Dialog DLL:      DCM.DLL V1.16.0.0
Target DLL:      STLink\ST-LINKIII-KEIL_SWO.dll V3.0.1.0
Dialog DLL:      TCM.DLL V1.32.0.0
 
<h2>Project:</h2>
\\Mac\Home\Desktop\IEEE MicroMouse\MicroMouse-Team1\STM32_NucleoBoard_Experiment\XXXXXCLICK HEREXXXXX\Code\MDK-ARM\NucleoF446.uvprojx
Project File Date:  05/19/2018

<h2>Output:</h2>
*** Using Compiler 'V5.06 update 5 (build 528)', folder: 'C:\Keil_v5\ARM\ARMCC\Bin'
Build target 'STM32F446xx'
compiling main.c...
.\user_lib\inc\Gyro.h(100): warning:  #1-D: last line of file ends without a newline
  #endif 
../main.c: 1 warning, 0 errors
compiling Gyro.c...
.\user_lib\inc\Gyro.h(100): warning:  #1-D: last line of file ends without a newline
  #endif 
user_lib\src\Gyro.c(11): warning:  #177-D: variable "res"  was declared but never referenced
      uint8_t res, t=5;  
user_lib\src\Gyro.c(11): warning:  #177-D: variable "t"  was declared but never referenced
      uint8_t res, t=5;  
user_lib\src\Gyro.c(178): warning:  #223-D: function "printf" declared implicitly
        printf("%d",reg);
user_lib\src\Gyro.c(197): warning:  #1-D: last line of file ends without a newline
  }  
user_lib\src\Gyro.c: 5 warnings, 0 errors
linking...
Program Size: Code=3592 RO-data=484 RW-data=108 ZI-data=1068  
"STM32F446xx\STM32F446xx.axf" - 0 Error(s), 6 Warning(s).

<h2>Software Packages used:</h2>

Package Vendor: ARM
                http://www.keil.com/pack/ARM.CMSIS.5.3.0.pack
                ARM.CMSIS.5.3.0
                CMSIS (Cortex Microcontroller Software Interface Standard)
   * Component: CORE Version: 5.1.1

Package Vendor: Keil
                http://www.keil.com/pack/Keil.STM32F4xx_DFP.2.12.0.pack
                Keil.STM32F4xx_DFP.2.12.0
                STMicroelectronics STM32F4 Series Device Support, Drivers and Examples

<h2>Collection of Component include folders:</h2>
  .\RTE\_STM32F446xx
  C:\Keil_v5\ARM\PACK\ARM\CMSIS\5.3.0\CMSIS\Include
  C:\Keil_v5\ARM\PACK\Keil\STM32F4xx_DFP\2.12.0\Drivers\CMSIS\Device\ST\STM32F4xx\Include

<h2>Collection of Component Files used:</h2>

   * Component: ARM::CMSIS:CORE:5.1.1
Build Time Elapsed:  00:00:06
</pre>
</body>
</html>
