Component: ARM Compiler 5.06 update 5 (build 528) Tool: armlink [4d35e2]

==============================================================================

Section Cross References

    system_stm32f4xx.o(i.SystemCoreClockUpdate) refers to system_stm32f4xx.o(.data) for .data
    system_stm32f4xx.o(i.SystemInit) refers to system_stm32f4xx.o(i.SetSysClock) for SetSysClock
    stm32f4xx_it.o(i.SysTick_Handler) refers to systime.o(i.SysTick_Increment) for SysTick_Increment
    stm32f4xx_it.o(i.TIM3_IRQHandler) refers to stm32f4xx_tim.o(i.TIM_GetITStatus) for TIM_GetITStatus
    stm32f4xx_it.o(i.TIM3_IRQHandler) refers to ir.o(i.TIM3_itTask_cc1) for TIM3_itTask_cc1
    stm32f4xx_it.o(i.TIM3_IRQHandler) refers to stm32f4xx_tim.o(i.TIM_GetCapture1) for TIM_GetCapture1
    stm32f4xx_it.o(i.TIM3_IRQHandler) refers to stm32f4xx_tim.o(i.TIM_SetCompare1) for TIM_SetCompare1
    stm32f4xx_it.o(i.TIM3_IRQHandler) refers to stm32f4xx_tim.o(i.TIM_ClearITPendingBit) for TIM_ClearITPendingBit
    stm32f4xx_it.o(i.TIM3_IRQHandler) refers to timer.o(.data) for CCR1_Val
    main.o(i.ProgramA_main) refers to pid.o(i.luckyGO) for luckyGO
    main.o(i.ProgramB_main) refers to led.o(i.blinkLED) for blinkLED
    main.o(i.ProgramC_main) refers to printfa.o(i.__0printf) for __2printf
    main.o(i.ProgramC_main) refers to timer.o(i.ResetEnc) for ResetEnc
    main.o(i.ProgramC_main) refers to usart.o(i.readLine) for readLine
    main.o(i.ProgramC_main) refers to strcmp.o(.text) for strcmp
    main.o(i.ProgramC_main) refers to systime.o(i.delay) for delay
    main.o(i.ProgramC_main) refers to timer.o(i.REnc) for REnc
    main.o(i.ProgramC_main) refers to timer.o(i.LEnc) for LEnc
    main.o(i.ProgramC_main) refers to dflti.o(.text) for __aeabi_i2d
    main.o(i.ProgramC_main) refers to pid.o(i.convertToAngle) for convertToAngle
    main.o(i.ProgramC_main) refers to pid.o(i.convertToCM) for convertToCM
    main.o(i.ProgramC_main) refers to pid.o(i.LspeedTester) for LspeedTester
    main.o(i.ProgramC_main) refers to pid.o(i.RspeedTester) for RspeedTester
    main.o(i.ProgramC_main) refers to pid.o(i.TurnLeft) for TurnLeft
    main.o(i.ProgramC_main) refers to __0scanf.o(.text) for __0scanf
    main.o(i.ProgramC_main) refers to strtof.o(i.__hardfp_strtof) for __hardfp_strtof
    main.o(i.ProgramC_main) refers to f2d.o(.text) for __aeabi_f2d
    main.o(i.ProgramC_main) refers to strtok.o(.text) for strtok
    main.o(i.ProgramC_main) refers to atof.o(i.__hardfp_atof) for __hardfp_atof
    main.o(i.ProgramC_main) refers to pid.o(i.gS_Tester) for gS_Tester
    main.o(i.ProgramC_main) refers to motor.o(i.stop) for stop
    main.o(i.ProgramC_main) refers to pid.o(i.IR_ErrGen) for IR_ErrGen
    main.o(i.ProgramC_main) refers to main.o(.data) for .data
    main.o(i.ProgramC_main) refers to ir.o(.bss) for IR_values
    main.o(i.ProgramC_main) refers to main.o(.conststring) for .conststring
    main.o(i.ProgramC_main) refers to pid.o(.data) for periodFFF
    main.o(i.initPeriphs) refers to systime.o(i.SysTime_Init) for SysTime_Init
    main.o(i.initPeriphs) refers to led.o(i.initLED) for initLED
    main.o(i.initPeriphs) refers to usart.o(i.initUSART) for initUSART
    main.o(i.initPeriphs) refers to usart.o(i.printfForUx) for printfForUx
    main.o(i.initPeriphs) refers to usart.o(i.scanfForUx) for scanfForUx
    main.o(i.initPeriphs) refers to printfa.o(i.__0printf) for __2printf
    main.o(i.initPeriphs) refers to ir.o(i.initIR) for initIR
    main.o(i.initPeriphs) refers to motor.o(i.initMotor) for initMotor
    main.o(i.initPeriphs) refers to timer.o(i.initEncoder) for initEncoder
    main.o(i.initPeriphs) refers to timer.o(i.ResetEnc) for ResetEnc
    main.o(i.main) refers to main.o(i.initPeriphs) for initPeriphs
    main.o(i.main) refers to startgesture.o(i.startGesture) for startGesture
    main.o(i.main) refers to pid.o(i.luckyGO) for luckyGO
    main.o(i.main) refers to led.o(i.blinkLED) for blinkLED
    main.o(i.main) refers to main.o(i.ProgramC_main) for ProgramC_main
    stm32f4xx_flash.o(i.FLASH_EraseAllBank1Sectors) refers to stm32f4xx_flash.o(i.FLASH_WaitForLastOperation) for FLASH_WaitForLastOperation
    stm32f4xx_flash.o(i.FLASH_EraseAllBank2Sectors) refers to stm32f4xx_flash.o(i.FLASH_WaitForLastOperation) for FLASH_WaitForLastOperation
    stm32f4xx_flash.o(i.FLASH_EraseAllSectors) refers to stm32f4xx_flash.o(i.FLASH_WaitForLastOperation) for FLASH_WaitForLastOperation
    stm32f4xx_flash.o(i.FLASH_EraseSector) refers to stm32f4xx_flash.o(i.FLASH_WaitForLastOperation) for FLASH_WaitForLastOperation
    stm32f4xx_flash.o(i.FLASH_OB_Launch) refers to stm32f4xx_flash.o(i.FLASH_WaitForLastOperation) for FLASH_WaitForLastOperation
    stm32f4xx_flash.o(i.FLASH_OB_PCROP1Config) refers to stm32f4xx_flash.o(i.FLASH_WaitForLastOperation) for FLASH_WaitForLastOperation
    stm32f4xx_flash.o(i.FLASH_OB_PCROPConfig) refers to stm32f4xx_flash.o(i.FLASH_WaitForLastOperation) for FLASH_WaitForLastOperation
[...]
    i.TIM_GetITStatus                        0x08002730   Section        0  stm32f4xx_tim.o(i.TIM_GetITStatus)
    i.TIM_ITConfig                           0x08002748   Section        0  stm32f4xx_tim.o(i.TIM_ITConfig)
    i.TIM_OC1Init                            0x08002758   Section        0  stm32f4xx_tim.o(i.TIM_OC1Init)
    i.TIM_OC1PreloadConfig                   0x080027b8   Section        0  stm32f4xx_tim.o(i.TIM_OC1PreloadConfig)
    i.TIM_OC2Init                            0x080027c4   Section        0  stm32f4xx_tim.o(i.TIM_OC2Init)
    i.TIM_OC2PreloadConfig                   0x08002844   Section        0  stm32f4xx_tim.o(i.TIM_OC2PreloadConfig)
    i.TIM_OC3Init                            0x08002858   Section        0  stm32f4xx_tim.o(i.TIM_OC3Init)
    i.TIM_OC3PreloadConfig                   0x080028d4   Section        0  stm32f4xx_tim.o(i.TIM_OC3PreloadConfig)
    i.TIM_OC4Init                            0x080028e0   Section        0  stm32f4xx_tim.o(i.TIM_OC4Init)
    i.TIM_OC4PreloadConfig                   0x08002940   Section        0  stm32f4xx_tim.o(i.TIM_OC4PreloadConfig)
    i.TIM_PrescalerConfig                    0x08002954   Section        0  stm32f4xx_tim.o(i.TIM_PrescalerConfig)
    i.TIM_SetAutoreload                      0x0800295a   Section        0  stm32f4xx_tim.o(i.TIM_SetAutoreload)
    i.TIM_SetCompare1                        0x0800295e   Section        0  stm32f4xx_tim.o(i.TIM_SetCompare1)
    i.TIM_TimeBaseInit                       0x08002964   Section        0  stm32f4xx_tim.o(i.TIM_TimeBaseInit)
    i.TurnLeft                               0x080029e0   Section        0  pid.o(i.TurnLeft)
    i.TurnRight                              0x08002a74   Section        0  pid.o(i.TurnRight)
    i.USART_Cmd                              0x08002b08   Section        0  stm32f4xx_usart.o(i.USART_Cmd)
    i.USART_GetFlagStatus                    0x08002b1c   Section        0  stm32f4xx_usart.o(i.USART_GetFlagStatus)
    i.USART_Init                             0x08002b2c   Section        0  stm32f4xx_usart.o(i.USART_Init)
    i.USART_ReceiveData                      0x08002bd8   Section        0  stm32f4xx_usart.o(i.USART_ReceiveData)
    i.USART_SendData                         0x08002be0   Section        0  stm32f4xx_usart.o(i.USART_SendData)
    i.USART_decoder                          0x08002be8   Section        0  usart.o(i.USART_decoder)
    i.UsageFault_Handler                     0x08002c74   Section        0  stm32f4xx_it.o(i.UsageFault_Handler)
    i.__0printf                              0x08002c78   Section        0  printfa.o(i.__0printf)
    i.__hardfp___mathlib_tofloat             0x08002c98   Section        0  narrow.o(i.__hardfp___mathlib_tofloat)
    i.__hardfp_atof                          0x08002d90   Section        0  atof.o(i.__hardfp_atof)
    i.__hardfp_strtof                        0x08002dc8   Section        0  strtof.o(i.__hardfp_strtof)
    i.__mathlib_narrow                       0x08002de8   Section        0  narrow.o(i.__mathlib_narrow)
    i.__read_errno                           0x08002dfc   Section        0  errno.o(i.__read_errno)
    i.__scatterload_copy                     0x08002e08   Section       14  handlers.o(i.__scatterload_copy)
    i.__scatterload_null                     0x08002e16   Section        2  handlers.o(i.__scatterload_null)
    i.__scatterload_zeroinit                 0x08002e18   Section       14  handlers.o(i.__scatterload_zeroinit)
    i.__set_errno                            0x08002e28   Section        0  errno.o(i.__set_errno)
    i._fp_digits                             0x08002e34   Section        0  printfa.o(i._fp_digits)
    _fp_digits                               0x08002e35   Thumb Code   366  printfa.o(i._fp_digits)
    i._is_digit                              0x08002fb8   Section        0  scanf_fp.o(i._is_digit)
    i._printf_core                           0x08002fc8   Section        0  printfa.o(i._printf_core)
    _printf_core                             0x08002fc9   Thumb Code  1744  printfa.o(i._printf_core)
    i._printf_post_padding                   0x080036a4   Section        0  printfa.o(i._printf_post_padding)
    _printf_post_padding                     0x080036a5   Thumb Code    36  printfa.o(i._printf_post_padding)
    i._printf_pre_padding                    0x080036c8   Section        0  printfa.o(i._printf_pre_padding)
    _printf_pre_padding                      0x080036c9   Thumb Code    46  printfa.o(i._printf_pre_padding)
    i.addADC                                 0x080036f8   Section        0  adc.o(i.addADC)
    i.analogRead                             0x08003754   Section        0  adc.o(i.analogRead)
    i.blinkLED                               0x08003780   Section        0  led.o(i.blinkLED)
    i.blinkLED_Both                          0x080037ac   Section        0  led.o(i.blinkLED_Both)
    i.blinkLED_Left                          0x080037d8   Section        0  led.o(i.blinkLED_Left)
    i.blinkLED_Right                         0x080037fc   Section        0  led.o(i.blinkLED_Right)
    i.canMoveForward                         0x08003820   Section        0  pid.o(i.canMoveForward)
    i.canMoveLeft                            0x08003840   Section        0  pid.o(i.canMoveLeft)
    i.canMoveRight                           0x08003854   Section        0  pid.o(i.canMoveRight)
    i.convertToAngle                         0x08003868   Section        0  pid.o(i.convertToAngle)
    i.convertToCM                            0x08003888   Section        0  pid.o(i.convertToCM)
    i.curve                                  0x080038a8   Section        0  motor.o(i.curve)
    i.delay                                  0x080038f4   Section        0  systime.o(i.delay)
    i.digitalWrite                           0x08003908   Section        0  gpio.o(i.digitalWrite)
    i.driver                                 0x08003924   Section        0  floodfill.o(i.driver)
    i.fgetc                                  0x08003a1c   Section        0  usart.o(i.fgetc)
    i.floodfill                              0x08003a3c   Section        0  floodfill.o(i.floodfill)
    i.fputc                                  0x08003dc4   Section        0  usart.o(i.fputc)
    i.frexp                                  0x08003de8   Section        0  frexp.o(i.frexp)
    i.gS_Tester                              0x08003e74   Section        0  pid.o(i.gS_Tester)
    i.getc                                   0x08003ebc   Section        0  getc.o(i.getc)
    i.goStraight                             0x08003ec0   Section        0  pid.o(i.goStraight)
    i.halt                                   0x08003f7c   Section        0  pid.o(i.halt)
    i.initADC                                0x08004070   Section        0  adc.o(i.initADC)
    i.initEncoder                            0x080041ac   Section        0  timer.o(i.initEncoder)
    i.initFloodfill                          0x08004294   Section        0  floodfill.o(i.initFloodfill)
    i.initIO                                 0x08004368   Section        0  gpio.o(i.initIO)
    i.initIO_TIM                             0x0800440c   Section        0  timer.o(i.initIO_TIM)
    i.initIR                                 0x08004544   Section        0  ir.o(i.initIR)
    i.initLED                                0x08004608   Section        0  led.o(i.initLED)
    i.initMotor                              0x08004640   Section        0  motor.o(i.initMotor)
    i.initPID                                0x080046cc   Section        0  pid.o(i.initPID)
    i.initPeriphs                            0x080046ec   Section        0  main.o(i.initPeriphs)
    i.initUSART                              0x08004754   Section        0  usart.o(i.initUSART)
    i.isCenter                               0x0800481c   Section        0  floodfill.o(i.isCenter)
    i.isEmpty                                0x0800485c   Section        0  stack.o(i.isEmpty)
    i.luckyGO                                0x0800486c   Section        0  pid.o(i.luckyGO)
    i.main                                   0x0800488c   Section        0  main.o(i.main)
    i.malloc                                 0x080048b8   Section        0  malloc.o(i.malloc)
    i.micros                                 0x08004924   Section        0  systime.o(i.micros)
    i.millis                                 0x0800495c   Section        0  systime.o(i.millis)
    i.motor                                  0x08004968   Section        0  motor.o(i.motor)
    i.newStack                               0x08004b64   Section        0  stack.o(i.newStack)
    i.peek                                   0x08004b82   Section        0  stack.o(i.peek)
    i.pop                                    0x08004b92   Section        0  stack.o(i.pop)
    i.printfForUx                            0x08004ba8   Section        0  usart.o(i.printfForUx)
    i.push                                   0x08004bb4   Section        0  stack.o(i.push)
    i.readLine                               0x08004bc0   Section        0  usart.o(i.readLine)
    i.scanfForUx                             0x08004bf0   Section        0  usart.o(i.scanfForUx)
    i.setPWM                                 0x08004bfc   Section        0  timer.o(i.setPWM)
    i.startGesture                           0x08004db0   Section        0  startgesture.o(i.startGesture)
    i.stop                                   0x0800503c   Section        0  motor.o(i.stop)
    i.turnBackX                              0x08005054   Section        0  pid.o(i.turnBackX)
    i.turnForward                            0x080050f0   Section        0  pid.o(i.turnForward)
    i.turnLeft                               0x08005214   Section        0  pid.o(i.turnLeft)
    i.turnRight                              0x0800533c   Section        0  pid.o(i.turnRight)
    i.updateCell                             0x08005464   Section        0  pid.o(i.updateCell)
    i.updatePosition                         0x080054a8   Section        0  floodfill.o(i.updatePosition)
    i.usToCCR                                0x08005560   Section        0  timer.o(i.usToCCR)
    i.us_to_sec                              0x08005570   Section        0  pid.o(i.us_to_sec)
    i.withinBounds                           0x08005590   Section        0  floodfill.o(i.withinBounds)
    .constdata                               0x080055a4   Section       64  ctype_c.o(.constdata)
    .conststring                             0x080055e4   Section       71  main.o(.conststring)
    .data                                    0x20000000   Section       20  system_stm32f4xx.o(.data)
    .data                                    0x20000018   Section       32  main.o(.data)
    .data                                    0x20000038   Section       16  stm32f4xx_rcc.o(.data)
    APBAHBPrescTable                         0x20000038   Data          16  stm32f4xx_rcc.o(.data)
    .data                                    0x20000048   Section        4  systime.o(.data)
    Tick_CNT                                 0x20000048   Data           4  systime.o(.data)
    .data                                    0x20000050   Section       24  timer.o(.data)
    .data                                    0x20000068   Section        8  usart.o(.data)
    .data                                    0x20000070   Section        1  adc.o(.data)
    .data                                    0x20000074   Section       84  floodfill.o(.data)
    .data                                    0x200000c8   Section       40  motor.o(.data)
    .data                                    0x200000f0   Section       32  ir.o(.data)
    .data                                    0x20000110   Section        4  startgesture.o(.data)
    .data                                    0x20000118   Section       64  pid.o(.data)
    .data                                    0x20000158   Section        4  stdin.o(.data)
    .data                                    0x2000015c   Section        4  strtok.o(.data)
    state                                    0x2000015c   Data           4  strtok.o(.data)
    .data                                    0x20000160   Section        4  stdout.o(.data)
    .data                                    0x20000164   Section        4  mvars.o(.data)
    .data                                    0x20000168   Section        4  mvars.o(.data)
    .data                                    0x2000016c   Section        4  errno.o(.data)
    _errno                                   0x2000016c   Data           4  errno.o(.data)
    .data                                    0x20000170   Section        3  fgetc_b.o(.data)
    ungetc_sp                                0x20000170   Data           1  fgetc_b.o(.data)
    ungetc_stack                             0x20000171   Data           2  fgetc_b.o(.data)
    .bss                                     0x20000174   Section       32  timer.o(.bss)
    .bss                                     0x20000194   Section       48  adc.o(.bss)
    .bss                                     0x200001c4   Section     7712  floodfill.o(.bss)
    .bss                                     0x20001fe4   Section       40  led.o(.bss)
    .bss                                     0x2000200c   Section       92  ir.o(.bss)
    .bss                                     0x20002068   Section     2092  pid.o(.bss)
    store                                    0x20002068   Data        1040  pid.o(.bss)
    store                                    0x20002478   Data        1040  pid.o(.bss)
    HEAP                                     0x20002898   Section      512  startup_stm32f40_41xxx.o(HEAP)
    STACK                                    0x20002a98   Section     1024  startup_stm32f40_41xxx.o(STACK)

    Global Symbols

    Symbol Name                              Value     Ov Type        Size  Object(Section)

    BuildAttributes$$THM_ISAv4$E$P$D$K$B$S$7EM$VFPi3$EXTD16$VFPS$VFMA$PE$A:L22UL41UL21$X:L11$S22US41US21$IEEE1$IW$USESV6$~STKCKD$USESV7$~SHL$OTIME$ROPI$IEEEJ$EBA8$MICROLIB$REQ8$PRES8$EABIv2 0x00000000   Number         0  anon$$obj.o ABSOLUTE
    __ARM_use_no_argv                        0x00000000   Number         0  main.o ABSOLUTE
    _printf_a                                0x00000000   Number         0  stubs.o ABSOLUTE
    _printf_c                                0x00000000   Number         0  stubs.o ABSOLUTE
    _printf_charcount                        0x00000000   Number         0  stubs.o ABSOLUTE
    _printf_d                                0x00000000   Number         0  stubs.o ABSOLUTE
    _printf_e                                0x00000000   Number         0  stubs.o ABSOLUTE
    _printf_f                                0x00000000   Number         0  stubs.o ABSOLUTE
    _printf_flags                            0x00000000   Number         0  stubs.o ABSOLUTE
    _printf_fp_dec                           0x00000000   Number         0  stubs.o ABSOLUTE
    _printf_fp_hex                           0x00000000   Number         0  stubs.o ABSOLUTE
    _printf_g                                0x00000000   Number         0  stubs.o ABSOLUTE
    _printf_i                                0x00000000   Number         0  stubs.o ABSOLUTE
    _printf_int_dec                          0x00000000   Number         0  stubs.o ABSOLUTE
    _printf_l                                0x00000000   Number         0  stubs.o ABSOLUTE
    _printf_lc                               0x00000000   Number         0  stubs.o ABSOLUTE
    _printf_ll                               0x00000000   Number         0  stubs.o ABSOLUTE
    _printf_lld                              0x00000000   Number         0  stubs.o ABSOLUTE
    _printf_lli                              0x00000000   Number         0  stubs.o ABSOLUTE
    _printf_llo                              0x00000000   Number         0  stubs.o ABSOLUTE
    _printf_llu                              0x00000000   Number         0  stubs.o ABSOLUTE
    _printf_llx                              0x00000000   Number         0  stubs.o ABSOLUTE
    _printf_longlong_dec                     0x00000000   Number         0  stubs.o ABSOLUTE
    _printf_longlong_hex                     0x00000000   Number         0  stubs.o ABSOLUTE
    _printf_longlong_oct                     0x00000000   Number         0  stubs.o ABSOLUTE
    _printf_ls                               0x00000000   Number         0  stubs.o ABSOLUTE
    _printf_mbtowc                           0x00000000   Number         0  stubs.o ABSOLUTE
    _printf_n                                0x00000000   Number         0  stubs.o ABSOLUTE
    _printf_o                                0x00000000   Number         0  stubs.o ABSOLUTE
    _printf_p                                0x00000000   Number         0  stubs.o ABSOLUTE
    _printf_percent                          0x00000000   Number         0  stubs.o ABSOLUTE
    _printf_pre_padding                      0x00000000   Number         0  stubs.o ABSOLUTE
    _printf_return_value                     0x00000000   Number         0  stubs.o ABSOLUTE
    _printf_s                                0x00000000   Number         0  stubs.o ABSOLUTE
    _printf_sizespec                         0x00000000   Number         0  stubs.o ABSOLUTE
    _printf_str                              0x00000000   Number         0  stubs.o ABSOLUTE
    _printf_truncate_signed                  0x00000000   Number         0  stubs.o ABSOLUTE
    _printf_truncate_unsigned                0x00000000   Number         0  stubs.o ABSOLUTE
    _printf_u                                0x00000000   Number         0  stubs.o ABSOLUTE
    _printf_wc                               0x00000000   Number         0  stubs.o ABSOLUTE
    _printf_wctomb                           0x00000000   Number         0  stubs.o ABSOLUTE
    _printf_widthprec                        0x00000000   Number         0  stubs.o ABSOLUTE
    _printf_x                                0x00000000   Number         0  stubs.o ABSOLUTE
    __cpp_initialize__aeabi_                  - Undefined Weak Reference
    __cxa_finalize                            - Undefined Weak Reference
    _clock_init                               - Undefined Weak Reference
    _microlib_exit                            - Undefined Weak Reference
    _scanf_int                                - Undefined Weak Reference
    _scanf_longlong                           - Undefined Weak Reference
    _scanf_string                             - Undefined Weak Reference
    __Vectors_Size                           0x00000188   Number         0  startup_stm32f40_41xxx.o ABSOLUTE
    __Vectors                                0x08000000   Data           4  startup_stm32f40_41xxx.o(RESET)
    __Vectors_End                            0x08000188   Data           0  startup_stm32f40_41xxx.o(RESET)
    __main                                   0x08000189   Thumb Code     0  entry.o(.ARM.Collect$$$$00000000)
    _main_stk                                0x08000189   Thumb Code     0  entry2.o(.ARM.Collect$$$$00000001)
    _main_scatterload                        0x0800018d   Thumb Code     0  entry5.o(.ARM.Collect$$$$00000004)
    __main_after_scatterload                 0x08000191   Thumb Code     0  entry5.o(.ARM.Collect$$$$00000004)
    _main_clock                              0x08000191   Thumb Code     0  entry7b.o(.ARM.Collect$$$$00000008)
    _main_cpp_init                           0x08000191   Thumb Code     0  entry8b.o(.ARM.Collect$$$$0000000A)
    _main_init                               0x08000191   Thumb Code     0  entry9a.o(.ARM.Collect$$$$0000000B)
    __rt_final_cpp                           0x08000199   Thumb Code     0  entry10a.o(.ARM.Collect$$$$0000000D)
    __rt_final_exit                          0x08000199   Thumb Code     0  entry11a.o(.ARM.Collect$$$$0000000F)
    Reset_Handler                            0x0800019d   Thumb Code     8  startup_stm32f40_41xxx.o(.text)
    ADC_IRQHandler                           0x080001b7   Thumb Code     0  startup_stm32f40_41xxx.o(.text)
    CAN1_RX0_IRQHandler                      0x080001b7   Thumb Code     0  startup_stm32f40_41xxx.o(.text)
    CAN1_RX1_IRQHandler                      0x080001b7   Thumb Code     0  startup_stm32f40_41xxx.o(.text)
    CAN1_SCE_IRQHandler                      0x080001b7   Thumb Code     0  startup_stm32f40_41xxx.o(.text)
    CAN1_TX_IRQHandler                       0x080001b7   Thumb Code     0  startup_stm32f40_41xxx.o(.text)
    CAN2_RX0_IRQHandler                      0x080001b7   Thumb Code     0  startup_stm32f40_41xxx.o(.text)
    CAN2_RX1_IRQHandler                      0x080001b7   Thumb Code     0  startup_stm32f40_41xxx.o(.text)
    CAN2_SCE_IRQHandler                      0x080001b7   Thumb Code     0  startup_stm32f40_41xxx.o(.text)
    CAN2_TX_IRQHandler                       0x080001b7   Thumb Code     0  startup_stm32f40_41xxx.o(.text)
    CRYP_IRQHandler                          0x080001b7   Thumb Code     0  startup_stm32f40_41xxx.o(.text)
    DCMI_IRQHandler                          0x080001b7   Thumb Code     0  startup_stm32f40_41xxx.o(.text)
    DMA1_Stream0_IRQHandler                  0x080001b7   Thumb Code     0  startup_stm32f40_41xxx.o(.text)
    DMA1_Stream1_IRQHandler                  0x080001b7   Thumb Code     0  startup_stm32f40_41xxx.o(.text)
    DMA1_Stream2_IRQHandler                  0x080001b7   Thumb Code     0  startup_stm32f40_41xxx.o(.text)
    DMA1_Stream3_IRQHandler                  0x080001b7   Thumb Code     0  startup_stm32f40_41xxx.o(.text)
    DMA1_Stream4_IRQHandler                  0x080001b7   Thumb Code     0  startup_stm32f40_41xxx.o(.text)
    DMA1_Stream5_IRQHandler                  0x080001b7   Thumb Code     0  startup_stm32f40_41xxx.o(.text)
    DMA1_Stream6_IRQHandler                  0x080001b7   Thumb Code     0  startup_stm32f40_41xxx.o(.text)
    DMA1_Stream7_IRQHandler                  0x080001b7   Thumb Code     0  startup_stm32f40_41xxx.o(.text)
    DMA2_Stream0_IRQHandler                  0x080001b7   Thumb Code     0  startup_stm32f40_41xxx.o(.text)
    DMA2_Stream1_IRQHandler                  0x080001b7   Thumb Code     0  startup_stm32f40_41xxx.o(.text)
    DMA2_Stream2_IRQHandler                  0x080001b7   Thumb Code     0  startup_stm32f40_41xxx.o(.text)
    DMA2_Stream3_IRQHandler                  0x080001b7   Thumb Code     0  startup_stm32f40_41xxx.o(.text)
    DMA2_Stream4_IRQHandler                  0x080001b7   Thumb Code     0  startup_stm32f40_41xxx.o(.text)
    DMA2_Stream5_IRQHandler                  0x080001b7   Thumb Code     0  startup_stm32f40_41xxx.o(.text)
    DMA2_Stream6_IRQHandler                  0x080001b7   Thumb Code     0  startup_stm32f40_41xxx.o(.text)
    DMA2_Stream7_IRQHandler                  0x080001b7   Thumb Code     0  startup_stm32f40_41xxx.o(.text)
    ETH_IRQHandler                           0x080001b7   Thumb Code     0  startup_stm32f40_41xxx.o(.text)
    ETH_WKUP_IRQHandler                      0x080001b7   Thumb Code     0  startup_stm32f40_41xxx.o(.text)
    EXTI0_IRQHandler                         0x080001b7   Thumb Code     0  startup_stm32f40_41xxx.o(.text)
    EXTI15_10_IRQHandler                     0x080001b7   Thumb Code     0  startup_stm32f40_41xxx.o(.text)
    EXTI1_IRQHandler                         0x080001b7   Thumb Code     0  startup_stm32f40_41xxx.o(.text)
    EXTI2_IRQHandler                         0x080001b7   Thumb Code     0  startup_stm32f40_41xxx.o(.text)
    EXTI3_IRQHandler                         0x080001b7   Thumb Code     0  startup_stm32f40_41xxx.o(.text)
    EXTI4_IRQHandler                         0x080001b7   Thumb Code     0  startup_stm32f40_41xxx.o(.text)
    EXTI9_5_IRQHandler                       0x080001b7   Thumb Code     0  startup_stm32f40_41xxx.o(.text)
    FLASH_IRQHandler                         0x080001b7   Thumb Code     0  startup_stm32f40_41xxx.o(.text)
    FPU_IRQHandler                           0x080001b7   Thumb Code     0  startup_stm32f40_41xxx.o(.text)
    FSMC_IRQHandler                          0x080001b7   Thumb Code     0  startup_stm32f40_41xxx.o(.text)
    HASH_RNG_IRQHandler                      0x080001b7   Thumb Code     0  startup_stm32f40_41xxx.o(.text)
    I2C1_ER_IRQHandler                       0x080001b7   Thumb Code     0  startup_stm32f40_41xxx.o(.text)
    I2C1_EV_IRQHandler                       0x080001b7   Thumb Code     0  startup_stm32f40_41xxx.o(.text)
    I2C2_ER_IRQHandler                       0x080001b7   Thumb Code     0  startup_stm32f40_41xxx.o(.text)
    I2C2_EV_IRQHandler                       0x080001b7   Thumb Code     0  startup_stm32f40_41xxx.o(.text)
    I2C3_ER_IRQHandler                       0x080001b7   Thumb Code     0  startup_stm32f40_41xxx.o(.text)
    I2C3_EV_IRQHandler                       0x080001b7   Thumb Code     0  startup_stm32f40_41xxx.o(.text)
    OTG_FS_IRQHandler                        0x080001b7   Thumb Code     0  startup_stm32f40_41xxx.o(.text)
    OTG_FS_WKUP_IRQHandler                   0x080001b7   Thumb Code     0  startup_stm32f40_41xxx.o(.text)
    OTG_HS_EP1_IN_IRQHandler                 0x080001b7   Thumb Code     0  startup_stm32f40_41xxx.o(.text)
    OTG_HS_EP1_OUT_IRQHandler                0x080001b7   Thumb Code     0  startup_stm32f40_41xxx.o(.text)
    OTG_HS_IRQHandler                        0x080001b7   Thumb Code     0  startup_stm32f40_41xxx.o(.text)
    OTG_HS_WKUP_IRQHandler                   0x080001b7   Thumb Code     0  startup_stm32f40_41xxx.o(.text)
    PVD_IRQHandler                           0x080001b7   Thumb Code     0  startup_stm32f40_41xxx.o(.text)
    RCC_IRQHandler                           0x080001b7   Thumb Code     0  startup_stm32f40_41xxx.o(.text)
    RTC_Alarm_IRQHandler                     0x080001b7   Thumb Code     0  startup_stm32f40_41xxx.o(.text)
    RTC_WKUP_IRQHandler                      0x080001b7   Thumb Code     0  startup_stm32f40_41xxx.o(.text)
    SDIO_IRQHandler                          0x080001b7   Thumb Code     0  startup_stm32f40_41xxx.o(.text)
    SPI1_IRQHandler                          0x080001b7   Thumb Code     0  startup_stm32f40_41xxx.o(.text)
    SPI2_IRQHandler                          0x080001b7   Thumb Code     0  startup_stm32f40_41xxx.o(.text)
    SPI3_IRQHandler                          0x080001b7   Thumb Code     0  startup_stm32f40_41xxx.o(.text)
    TAMP_STAMP_IRQHandler                    0x080001b7   Thumb Code     0  startup_stm32f40_41xxx.o(.text)
    TIM1_BRK_TIM9_IRQHandler                 0x080001b7   Thumb Code     0  startup_stm32f40_41xxx.o(.text)
    TIM1_CC_IRQHandler                       0x080001b7   Thumb Code     0  startup_stm32f40_41xxx.o(.text)
    TIM1_TRG_COM_TIM11_IRQHandler            0x080001b7   Thumb Code     0  startup_stm32f40_41xxx.o(.text)
    TIM1_UP_TIM10_IRQHandler                 0x080001b7   Thumb Code     0  startup_stm32f40_41xxx.o(.text)
    TIM2_IRQHandler                          0x080001b7   Thumb Code     0  startup_stm32f40_41xxx.o(.text)
    TIM4_IRQHandler                          0x080001b7   Thumb Code     0  startup_stm32f40_41xxx.o(.text)
    TIM5_IRQHandler                          0x080001b7   Thumb Code     0  startup_stm32f40_41xxx.o(.text)
    TIM6_DAC_IRQHandler                      0x080001b7   Thumb Code     0  startup_stm32f40_41xxx.o(.text)
    TIM7_IRQHandler                          0x080001b7   Thumb Code     0  startup_stm32f40_41xxx.o(.text)
    TIM8_BRK_TIM12_IRQHandler                0x080001b7   Thumb Code     0  startup_stm32f40_41xxx.o(.text)
    TIM8_CC_IRQHandler                       0x080001b7   Thumb Code     0  startup_stm32f40_41xxx.o(.text)
    TIM8_TRG_COM_TIM14_IRQHandler            0x080001b7   Thumb Code     0  startup_stm32f40_41xxx.o(.text)
    TIM8_UP_TIM13_IRQHandler                 0x080001b7   Thumb Code     0  startup_stm32f40_41xxx.o(.text)
    UART4_IRQHandler                         0x080001b7   Thumb Code     0  startup_stm32f40_41xxx.o(.text)
    UART5_IRQHandler                         0x080001b7   Thumb Code     0  startup_stm32f40_41xxx.o(.text)
    USART1_IRQHandler                        0x080001b7   Thumb Code     0  startup_stm32f40_41xxx.o(.text)
    USART2_IRQHandler                        0x080001b7   Thumb Code     0  startup_stm32f40_41xxx.o(.text)
    USART3_IRQHandler                        0x080001b7   Thumb Code     0  startup_stm32f40_41xxx.o(.text)
    USART6_IRQHandler                        0x080001b7   Thumb Code     0  startup_stm32f40_41xxx.o(.text)
    WWDG_IRQHandler                          0x080001b7   Thumb Code     0  startup_stm32f40_41xxx.o(.text)
    __aeabi_memcpy                           0x080001c1   Thumb Code    36  memcpya.o(.text)
    __aeabi_memcpy4                          0x080001c1   Thumb Code     0  memcpya.o(.text)
    __aeabi_memcpy8                          0x080001c1   Thumb Code     0  memcpya.o(.text)
    strcmp                                   0x080001e5   Thumb Code    28  strcmp.o(.text)
    strtok                                   0x08000201   Thumb Code    62  strtok.o(.text)
    __0scanf                                 0x08000245   Thumb Code    26  __0scanf.o(.text)
    __aeabi_dadd                             0x08000265   Thumb Code   322  dadd.o(.text)
    __aeabi_dsub                             0x080003a7   Thumb Code     6  dadd.o(.text)
    __aeabi_drsub                            0x080003ad   Thumb Code     6  dadd.o(.text)
    __aeabi_dmul                             0x080003b3   Thumb Code   228  dmul.o(.text)
    __aeabi_ddiv                             0x08000497   Thumb Code   222  ddiv.o(.text)
    __aeabi_i2d                              0x08000575   Thumb Code    34  dflti.o(.text)
    __aeabi_ui2d                             0x08000597   Thumb Code    26  dfltui.o(.text)
    __aeabi_d2uiz                            0x080005b1   Thumb Code    50  dfixui.o(.text)
    __aeabi_f2d                              0x080005e3   Thumb Code    38  f2d.o(.text)
    __aeabi_cdcmpeq                          0x08000609   Thumb Code     0  cdcmple.o(.text)
    __aeabi_cdcmple                          0x08000609   Thumb Code    48  cdcmple.o(.text)
    __aeabi_cdrcmple                         0x08000639   Thumb Code    48  cdrcmple.o(.text)
    __aeabi_uidiv                            0x08000669   Thumb Code     0  uidiv.o(.text)
    __aeabi_uidivmod                         0x08000669   Thumb Code    44  uidiv.o(.text)
    __aeabi_uldivmod                         0x08000695   Thumb Code    98  uldiv.o(.text)
    __aeabi_llsl                             0x080006f7   Thumb Code    30  llshl.o(.text)
    _ll_shift_l                              0x080006f7   Thumb Code     0  llshl.o(.text)
    __aeabi_llsr                             0x08000715   Thumb Code    32  llushr.o(.text)
    _ll_ushift_r                             0x08000715   Thumb Code     0  llushr.o(.text)
    __aeabi_lasr                             0x08000735   Thumb Code    36  llsshr.o(.text)
    _ll_sshift_r                             0x08000735   Thumb Code     0  llsshr.o(.text)
    __strtod_int                             0x0800078f   Thumb Code    90  strtod.o(.text)
    __strtof_int                             0x080007f5   Thumb Code    26  strtof.o(.text)
    __vfscanf_char_file                      0x08000811   Thumb Code    12  scanf_char_file.o(.text)
    __I$use$fp                               0x08000825   Thumb Code     0  iusefp.o(.text)
    _double_round                            0x08000825   Thumb Code    30  depilogue.o(.text)
    _double_epilogue                         0x08000843   Thumb Code   156  depilogue.o(.text)
    __aeabi_d2ulz                            0x080008df   Thumb Code    48  dfixul.o(.text)
    __scatterload                            0x08000911   Thumb Code    28  init.o(.text)
    __scatterload_rt2                        0x08000911   Thumb Code     0  init.o(.text)
    _fgetc$bs                                0x08000935   Thumb Code    28  fgetc_b.o(.text)
    __backspace                              0x08000951   Thumb Code    10  fgetc_b.o(.text)
    isspace                                  0x08000961   Thumb Code    10  isspace_c.o(.text)
    _scanf_real                              0x08000a95   Thumb Code     0  scanf_fp.o(.text)
    _scanf_really_real                       0x08000a95   Thumb Code   556  scanf_fp.o(.text)
    __vfscanf_char                           0x08000cd9   Thumb Code    20  scanf_char.o(.text)
    _sgetc                                   0x08000cf5   Thumb Code    30  _sgetc.o(.text)
    _sbackspace                              0x08000d13   Thumb Code    34  _sgetc.o(.text)
    __ctype_lookup                           0x08000d35   Thumb Code    34  ctype_c.o(.text)
    __semihosting_library_function           0x08000d35   Thumb Code     0  semi.o(.text)
    __vfscanf                                0x08000d5d   Thumb Code   808  _scanf.o(.text)
    __I$use$semihosting$fgetc                0x08001089   Thumb Code     0  iusesemig.o(.text)
    __aeabi_ul2d                             0x08001089   Thumb Code    24  dfltul.o(.text)
    __aeabi_d2f                              0x080010a1   Thumb Code    56  d2f.o(.text)
    __fp_status                              0x080010d9   Thumb Code     4  fpstat.o(.text)
    __ieee_status                            0x080010d9   Thumb Code     0  fpstat.o(.text)
    _float_round                             0x080010dd   Thumb Code    18  fepilogue.o(.text)
    _float_epilogue                          0x080010ef   Thumb Code    92  fepilogue.o(.text)
    __decompress                             0x0800114b   Thumb Code     0  __dczerorl2.o(.text)
    __decompress1                            0x0800114b   Thumb Code    86  __dczerorl2.o(.text)
    ADC_Cmd                                  0x080011a1   Thumb Code    20  stm32f4xx_adc.o(i.ADC_Cmd)
    ADC_CommonInit                           0x080011b5   Thumb Code    34  stm32f4xx_adc.o(i.ADC_CommonInit)
    ADC_DMACmd                               0x080011e1   Thumb Code    20  stm32f4xx_adc.o(i.ADC_DMACmd)
    ADC_DMARequestAfterLastTransferCmd       0x080011f5   Thumb Code    20  stm32f4xx_adc.o(i.ADC_DMARequestAfterLastTransferCmd)
    ADC_Init                                 0x08001209   Thumb Code    66  stm32f4xx_adc.o(i.ADC_Init)
    ADC_RegularChannelConfig                 0x08001255   Thumb Code   116  stm32f4xx_adc.o(i.ADC_RegularChannelConfig)
    ADC_SoftwareStartConv                    0x080012c9   Thumb Code    10  stm32f4xx_adc.o(i.ADC_SoftwareStartConv)
    ADVTIM_PWM_OUTPUT                        0x080012d5   Thumb Code   308  timer.o(i.ADVTIM_PWM_OUTPUT)
    BusFault_Handler                         0x08001419   Thumb Code     2  stm32f4xx_it.o(i.BusFault_Handler)
    DMA_Cmd                                  0x0800141b   Thumb Code    20  stm32f4xx_dma.o(i.DMA_Cmd)
    DMA_GetFlagStatus                        0x08001431   Thumb Code    40  stm32f4xx_dma.o(i.DMA_GetFlagStatus)
    DMA_Init                                 0x08001465   Thumb Code    80  stm32f4xx_dma.o(i.DMA_Init)
    DebugMon_Handler                         0x080014b9   Thumb Code     2  stm32f4xx_it.o(i.DebugMon_Handler)
    End_Straight_Condition                   0x080014bd   Thumb Code    26  pid.o(i.End_Straight_Condition)
    GPIO_Init                                0x080014dd   Thumb Code   162  stm32f4xx_gpio.o(i.GPIO_Init)
    GPIO_PinAFConfig                         0x0800157f   Thumb Code    32  stm32f4xx_gpio.o(i.GPIO_PinAFConfig)
    GPIO_ResetBits                           0x0800159f   Thumb Code     4  stm32f4xx_gpio.o(i.GPIO_ResetBits)
    GPIO_SetBits                             0x080015a3   Thumb Code     4  stm32f4xx_gpio.o(i.GPIO_SetBits)
    GestureLED                               0x080015a7   Thumb Code    58  startgesture.o(i.GestureLED)
    GestureState                             0x080015e1   Thumb Code    40  startgesture.o(i.GestureState)
    HardFault_Handler                        0x08001611   Thumb Code     2  stm32f4xx_it.o(i.HardFault_Handler)
    IR_ErrGen                                0x08001615   Thumb Code   208  pid.o(i.IR_ErrGen)
    IR_pulse                                 0x08001701   Thumb Code    54  ir.o(i.IR_pulse)
    LEnc                                     0x08001741   Thumb Code    50  timer.o(i.LEnc)
    L_LED_OFF                                0x0800177d   Thumb Code    20  led.o(i.L_LED_OFF)
    L_LED_ON                                 0x08001795   Thumb Code    20  led.o(i.L_LED_ON)
    Lspeed                                   0x080017ad   Thumb Code   136  pid.o(i.Lspeed)
    LspeedTester                             0x08001841   Thumb Code    94  pid.o(i.LspeedTester)
    MemManage_Handler                        0x080018b9   Thumb Code     2  stm32f4xx_it.o(i.MemManage_Handler)
    NMI_Handler                              0x080018bb   Thumb Code     2  stm32f4xx_it.o(i.NMI_Handler)
    NORTIM_PWM_OUTPUT                        0x080018bd   Thumb Code   300  timer.o(i.NORTIM_PWM_OUTPUT)
    NVIC_Init                                0x08001a15   Thumb Code    96  misc.o(i.NVIC_Init)
    PID                                      0x08001a79   Thumb Code   282  pid.o(i.PID)
    PWM_ON                                   0x08001b93   Thumb Code    34  timer.o(i.PWM_ON)
    PendSV_Handler                           0x08001bb5   Thumb Code     2  stm32f4xx_it.o(i.PendSV_Handler)
    ProgramC_main                            0x08001bb9   Thumb Code   656  main.o(i.ProgramC_main)
    Pxx_decoder                              0x08001fbd   Thumb Code   354  gpio.o(i.Pxx_decoder)
    RCC_AHB1PeriphClockCmd                   0x08002141   Thumb Code    18  stm32f4xx_rcc.o(i.RCC_AHB1PeriphClockCmd)
    RCC_APB1PeriphClockCmd                   0x08002159   Thumb Code    18  stm32f4xx_rcc.o(i.RCC_APB1PeriphClockCmd)
    RCC_APB2PeriphClockCmd                   0x08002171   Thumb Code    18  stm32f4xx_rcc.o(i.RCC_APB2PeriphClockCmd)
    RCC_GetClocksFreq                        0x08002189   Thumb Code   132  stm32f4xx_rcc.o(i.RCC_GetClocksFreq)
    REnc                                     0x0800221d   Thumb Code    50  timer.o(i.REnc)
    R_LED_OFF                                0x0800225d   Thumb Code    22  led.o(i.R_LED_OFF)
    R_LED_ON                                 0x08002279   Thumb Code    22  led.o(i.R_LED_ON)
    Range                                    0x08002295   Thumb Code    30  pid.o(i.Range)
    ResetEnc                                 0x080022b3   Thumb Code    14  timer.o(i.ResetEnc)
    ResetLEnc                                0x080022c1   Thumb Code    14  timer.o(i.ResetLEnc)
    ResetREnc                                0x080022d9   Thumb Code    16  timer.o(i.ResetREnc)
    Rspeed                                   0x080022ed   Thumb Code   136  pid.o(i.Rspeed)
    RspeedTester                             0x08002381   Thumb Code    94  pid.o(i.RspeedTester)
    SVC_Handler                              0x080023f9   Thumb Code     2  stm32f4xx_it.o(i.SVC_Handler)
    SysTick_Handler                          0x08002475   Thumb Code     4  stm32f4xx_it.o(i.SysTick_Handler)
    SysTick_Increment                        0x08002479   Thumb Code    10  systime.o(i.SysTick_Increment)
    SysTick_Init                             0x08002489   Thumb Code    40  systime.o(i.SysTick_Init)
    SysTime_Init                             0x080024b9   Thumb Code     8  systime.o(i.SysTime_Init)
    SystemInit                               0x080024c1   Thumb Code    74  system_stm32f4xx.o(i.SystemInit)
    TIM3_IRQHandler                          0x0800251d   Thumb Code    52  stm32f4xx_it.o(i.TIM3_IRQHandler)
    TIM3_initIT                              0x08002559   Thumb Code   156  timer.o(i.TIM3_initIT)
    TIM3_itTask_cc1                          0x08002605   Thumb Code   136  ir.o(i.TIM3_itTask_cc1)
    TIM_ARRPreloadConfig                     0x08002695   Thumb Code    20  stm32f4xx_tim.o(i.TIM_ARRPreloadConfig)
    TIM_BDTRConfig                           0x080026a9   Thumb Code    34  stm32f4xx_tim.o(i.TIM_BDTRConfig)
    TIM_ClearITPendingBit                    0x080026cb   Thumb Code     6  stm32f4xx_tim.o(i.TIM_ClearITPendingBit)
    TIM_Cmd                                  0x080026d1   Thumb Code    20  stm32f4xx_tim.o(i.TIM_Cmd)
    TIM_CtrlPWMOutputs                       0x080026e5   Thumb Code    22  stm32f4xx_tim.o(i.TIM_CtrlPWMOutputs)
    TIM_EncoderInterfaceConfig               0x080026fb   Thumb Code    50  stm32f4xx_tim.o(i.TIM_EncoderInterfaceConfig)
    TIM_GetCapture1                          0x0800272d   Thumb Code     4  stm32f4xx_tim.o(i.TIM_GetCapture1)
    TIM_GetITStatus                          0x08002731   Thumb Code    24  stm32f4xx_tim.o(i.TIM_GetITStatus)
    TIM_ITConfig                             0x08002749   Thumb Code    16  stm32f4xx_tim.o(i.TIM_ITConfig)
    TIM_OC1Init                              0x08002759   Thumb Code    88  stm32f4xx_tim.o(i.TIM_OC1Init)
    TIM_OC1PreloadConfig                     0x080027b9   Thumb Code    12  stm32f4xx_tim.o(i.TIM_OC1PreloadConfig)
    TIM_OC2Init                              0x080027c5   Thumb Code   120  stm32f4xx_tim.o(i.TIM_OC2Init)
    TIM_OC2PreloadConfig                     0x08002845   Thumb Code    20  stm32f4xx_tim.o(i.TIM_OC2PreloadConfig)
    TIM_OC3Init                              0x08002859   Thumb Code   116  stm32f4xx_tim.o(i.TIM_OC3Init)
    TIM_OC3PreloadConfig                     0x080028d5   Thumb Code    12  stm32f4xx_tim.o(i.TIM_OC3PreloadConfig)
    TIM_OC4Init                              0x080028e1   Thumb Code    88  stm32f4xx_tim.o(i.TIM_OC4Init)
    TIM_OC4PreloadConfig                     0x08002941   Thumb Code    20  stm32f4xx_tim.o(i.TIM_OC4PreloadConfig)
    TIM_PrescalerConfig                      0x08002955   Thumb Code     6  stm32f4xx_tim.o(i.TIM_PrescalerConfig)
    TIM_SetAutoreload                        0x0800295b   Thumb Code     4  stm32f4xx_tim.o(i.TIM_SetAutoreload)
    TIM_SetCompare1                          0x0800295f   Thumb Code     4  stm32f4xx_tim.o(i.TIM_SetCompare1)
    TIM_TimeBaseInit                         0x08002965   Thumb Code    96  stm32f4xx_tim.o(i.TIM_TimeBaseInit)
    TurnLeft                                 0x080029e1   Thumb Code   124  pid.o(i.TurnLeft)
    TurnRight                                0x08002a75   Thumb Code   124  pid.o(i.TurnRight)
    USART_Cmd                                0x08002b09   Thumb Code    20  stm32f4xx_usart.o(i.USART_Cmd)
    USART_GetFlagStatus                      0x08002b1d   Thumb Code    14  stm32f4xx_usart.o(i.USART_GetFlagStatus)
    USART_Init                               0x08002b2d   Thumb Code   164  stm32f4xx_usart.o(i.USART_Init)
    USART_ReceiveData                        0x08002bd9   Thumb Code     8  stm32f4xx_usart.o(i.USART_ReceiveData)
    USART_SendData                           0x08002be1   Thumb Code     8  stm32f4xx_usart.o(i.USART_SendData)
    USART_decoder                            0x08002be9   Thumb Code   120  usart.o(i.USART_decoder)
    UsageFault_Handler                       0x08002c75   Thumb Code     2  stm32f4xx_it.o(i.UsageFault_Handler)
    __0printf                                0x08002c79   Thumb Code    22  printfa.o(i.__0printf)
    __1printf                                0x08002c79   Thumb Code     0  printfa.o(i.__0printf)
    __2printf                                0x08002c79   Thumb Code     0  printfa.o(i.__0printf)
    __c89printf                              0x08002c79   Thumb Code     0  printfa.o(i.__0printf)
    printf                                   0x08002c79   Thumb Code     0  printfa.o(i.__0printf)
    __hardfp___mathlib_tofloat               0x08002c99   Thumb Code   232  narrow.o(i.__hardfp___mathlib_tofloat)
    __hardfp_atof                            0x08002d91   Thumb Code    44  atof.o(i.__hardfp_atof)
    __hardfp_strtof                          0x08002dc9   Thumb Code    26  strtof.o(i.__hardfp_strtof)
    __mathlib_narrow                         0x08002de9   Thumb Code    18  narrow.o(i.__mathlib_narrow)
    __read_errno                             0x08002dfd   Thumb Code     6  errno.o(i.__read_errno)
    __scatterload_copy                       0x08002e09   Thumb Code    14  handlers.o(i.__scatterload_copy)
    __scatterload_null                       0x08002e17   Thumb Code     2  handlers.o(i.__scatterload_null)
    __scatterload_zeroinit                   0x08002e19   Thumb Code    14  handlers.o(i.__scatterload_zeroinit)
    __set_errno                              0x08002e29   Thumb Code     6  errno.o(i.__set_errno)
    _is_digit                                0x08002fb9   Thumb Code    14  scanf_fp.o(i._is_digit)
    addADC                                   0x080036f9   Thumb Code    82  adc.o(i.addADC)
    analogRead                               0x08003755   Thumb Code    32  adc.o(i.analogRead)
    blinkLED                                 0x08003781   Thumb Code    44  led.o(i.blinkLED)
    blinkLED_Both                            0x080037ad   Thumb Code    44  led.o(i.blinkLED_Both)
    blinkLED_Left                            0x080037d9   Thumb Code    36  led.o(i.blinkLED_Left)
    blinkLED_Right                           0x080037fd   Thumb Code    36  led.o(i.blinkLED_Right)
    canMoveForward                           0x08003821   Thumb Code    32  pid.o(i.canMoveForward)
    canMoveLeft                              0x08003841   Thumb Code    20  pid.o(i.canMoveLeft)
    canMoveRight                             0x08003855   Thumb Code    20  pid.o(i.canMoveRight)
    convertToAngle                           0x08003869   Thumb Code    26  pid.o(i.convertToAngle)
    convertToCM                              0x08003889   Thumb Code    26  pid.o(i.convertToCM)
    curve                                    0x080038a9   Thumb Code    74  motor.o(i.curve)
    delay                                    0x080038f5   Thumb Code    14  systime.o(i.delay)
    digitalWrite                             0x08003909   Thumb Code    26  gpio.o(i.digitalWrite)
    driver                                   0x08003925   Thumb Code   126  floodfill.o(i.driver)
    fgetc                                    0x08003a1d   Thumb Code    26  usart.o(i.fgetc)
    floodfill                                0x08003a3d   Thumb Code   640  floodfill.o(i.floodfill)
    fputc                                    0x08003dc5   Thumb Code    30  usart.o(i.fputc)
    frexp                                    0x08003de9   Thumb Code   118  frexp.o(i.frexp)
    gS_Tester                                0x08003e75   Thumb Code    58  pid.o(i.gS_Tester)
    getc                                     0x08003ebd   Thumb Code     4  getc.o(i.getc)
    goStraight                               0x08003ec1   Thumb Code   164  pid.o(i.goStraight)
    halt                                     0x08003f7d   Thumb Code   210  pid.o(i.halt)
    initADC                                  0x08004071   Thumb Code   290  adc.o(i.initADC)
    initEncoder                              0x080041ad   Thumb Code   220  timer.o(i.initEncoder)
    initFloodfill                            0x08004295   Thumb Code   190  floodfill.o(i.initFloodfill)
    initIO                                   0x08004369   Thumb Code   162  gpio.o(i.initIO)
    initIO_TIM                               0x0800440d   Thumb Code   306  timer.o(i.initIO_TIM)
    initIR                                   0x08004545   Thumb Code   178  ir.o(i.initIR)
    initLED                                  0x08004609   Thumb Code    50  led.o(i.initLED)
    initMotor                                0x08004641   Thumb Code   128  motor.o(i.initMotor)
    initPID                                  0x080046cd   Thumb Code    22  pid.o(i.initPID)
    initPeriphs                              0x080046ed   Thumb Code    64  main.o(i.initPeriphs)
    initUSART                                0x08004755   Thumb Code   200  usart.o(i.initUSART)
    isCenter                                 0x0800481d   Thumb Code    58  floodfill.o(i.isCenter)
    isEmpty                                  0x0800485d   Thumb Code    14  stack.o(i.isEmpty)
    luckyGO                                  0x0800486d   Thumb Code    28  pid.o(i.luckyGO)
    main                                     0x0800488d   Thumb Code    44  main.o(i.main)
    malloc                                   0x080048b9   Thumb Code    92  malloc.o(i.malloc)
    micros                                   0x08004925   Thumb Code    42  systime.o(i.micros)
    millis                                   0x0800495d   Thumb Code     6  systime.o(i.millis)
    motor                                    0x08004969   Thumb Code   462  motor.o(i.motor)
    newStack                                 0x08004b65   Thumb Code    30  stack.o(i.newStack)
    peek                                     0x08004b83   Thumb Code    16  stack.o(i.peek)
    pop                                      0x08004b93   Thumb Code    20  stack.o(i.pop)
    printfForUx                              0x08004ba9   Thumb Code     6  usart.o(i.printfForUx)
    push                                     0x08004bb5   Thumb Code    12  stack.o(i.push)
    readLine                                 0x08004bc1   Thumb Code    42  usart.o(i.readLine)
    scanfForUx                               0x08004bf1   Thumb Code     6  usart.o(i.scanfForUx)
    setPWM                                   0x08004bfd   Thumb Code   392  timer.o(i.setPWM)
    startGesture                             0x08004db1   Thumb Code   650  startgesture.o(i.startGesture)
    stop                                     0x0800503d   Thumb Code    16  motor.o(i.stop)
    turnBackX                                0x08005055   Thumb Code   130  pid.o(i.turnBackX)
    turnForward                              0x080050f1   Thumb Code   242  pid.o(i.turnForward)
    turnLeft                                 0x08005215   Thumb Code   246  pid.o(i.turnLeft)
    turnRight                                0x0800533d   Thumb Code   246  pid.o(i.turnRight)
    updateCell                               0x08005465   Thumb Code    64  pid.o(i.updateCell)
    updatePosition                           0x080054a9   Thumb Code   178  floodfill.o(i.updatePosition)
    usToCCR                                  0x08005561   Thumb Code    14  timer.o(i.usToCCR)
    us_to_sec                                0x08005571   Thumb Code    24  pid.o(i.us_to_sec)
    withinBounds                             0x08005591   Thumb Code    20  floodfill.o(i.withinBounds)
    __ctype_categories                       0x080055a4   Data          64  ctype_c.o(.constdata)
    Region$$Table$$Base                      0x0800562c   Number         0  anon$$obj.o(Region$$Table)
    Region$$Table$$Limit                     0x0800564c   Number         0  anon$$obj.o(Region$$Table)
    SystemCoreClock                          0x20000000   Data           4  system_stm32f4xx.o(.data)
    AHBPrescTable                            0x20000004   Data          16  system_stm32f4xx.o(.data)
    scalingIRErr                             0x20000018   Data           8  main.o(.data)
    tP                                       0x20000020   Data           8  main.o(.data)
    tI                                       0x20000028   Data           8  main.o(.data)
    tD                                       0x20000030   Data           8  main.o(.data)
    CCR1_Val                                 0x20000050   Data           2  timer.o(.data)
    REnc_mem                                 0x20000058   Data           8  timer.o(.data)
    LEnc_mem                                 0x20000060   Data           8  timer.o(.data)
    prtUSARTx                                0x20000068   Data           4  usart.o(.data)
    scnUSARTx                                0x2000006c   Data           4  usart.o(.data)
    adcs_index                               0x20000070   Data           1  adc.o(.data)
    direction                                0x20000074   Data           1  floodfill.o(.data)
    row                                      0x20000078   Data           4  floodfill.o(.data)
    col                                      0x2000007c   Data           4  floodfill.o(.data)
    Qx                                       0x20000080   Data           4  floodfill.o(.data)
    Qy                                       0x20000084   Data           4  floodfill.o(.data)
    CENTERX1                                 0x20000088   Data           4  floodfill.o(.data)
    CENTERY1                                 0x2000008c   Data           4  floodfill.o(.data)
    CENTERX2                                 0x20000090   Data           4  floodfill.o(.data)
    CENTERY2                                 0x20000094   Data           4  floodfill.o(.data)
    CENTERX3                                 0x20000098   Data           4  floodfill.o(.data)
    CENTERY3                                 0x2000009c   Data           4  floodfill.o(.data)
    CENTERX4                                 0x200000a0   Data           4  floodfill.o(.data)
    CENTERY4                                 0x200000a4   Data           4  floodfill.o(.data)
    xx                                       0x200000a8   Data          16  floodfill.o(.data)
    yy                                       0x200000b8   Data          16  floodfill.o(.data)
    LpwmA                                    0x200000c8   Data           6  motor.o(.data)
    LpwmB                                    0x200000ce   Data           6  motor.o(.data)
    RpwmA                                    0x200000d4   Data           6  motor.o(.data)
    RpwmB                                    0x200000da   Data           6  motor.o(.data)
    LpwrMem                                  0x200000e0   Data           8  motor.o(.data)
    RpwrMem                                  0x200000e8   Data           8  motor.o(.data)
    cc1Flag                                  0x200000f0   Data           1  ir.o(.data)
    instr                                    0x200000f4   Data           4  ir.o(.data)
    L_receiver                               0x200000f8   Data           4  ir.o(.data)
    R_receiver                               0x200000fc   Data           4  ir.o(.data)
    LF0_receiver                             0x20000100   Data           4  ir.o(.data)
    LF1_receiver                             0x20000104   Data           4  ir.o(.data)
    RF0_receiver                             0x20000108   Data           4  ir.o(.data)
    RF1_receiver                             0x2000010c   Data           4  ir.o(.data)
    L_IR_Threshold                           0x20000110   Data           2  startgesture.o(.data)
    R_IR_Threshold                           0x20000112   Data           2  startgesture.o(.data)
    cmd                                      0x20000118   Data           1  pid.o(.data)
    prevT_vL                                 0x2000011c   Data           4  pid.o(.data)
    prevLEnc                                 0x20000120   Data           4  pid.o(.data)
    prevT_vR                                 0x20000124   Data           4  pid.o(.data)
    prevREnc                                 0x20000128   Data           4  pid.o(.data)
    periodFFF                                0x2000012c   Data           4  pid.o(.data)
    spt_cnt                                  0x20000130   Data           4  pid.o(.data)
    gS_t0                                    0x20000134   Data           4  pid.o(.data)
    EncoderDiffConversionFactor              0x20000138   Data           8  pid.o(.data)
    EncoderDispConversionFactor              0x20000140   Data           8  pid.o(.data)
    vL                                       0x20000148   Data           8  pid.o(.data)
    vR                                       0x20000150   Data           8  pid.o(.data)
    __stdin                                  0x20000158   Data           4  stdin.o(.data)
    __stdout                                 0x20000160   Data           4  stdout.o(.data)
    __microlib_freelist                      0x20000164   Data           4  mvars.o(.data)
    __microlib_freelist_initialised          0x20000168   Data           4  mvars.o(.data)
    channel                                  0x20000174   Data          32  timer.o(.bss)
    Aval                                     0x20000194   Data          32  adc.o(.bss)
    adcs                                     0x200001b4   Data          16  adc.o(.bss)
    storex                                   0x200001c4   Data        1040  floodfill.o(.bss)
    storey                                   0x200005d4   Data        1040  floodfill.o(.bss)
    grid                                     0x200009e4   Data         256  floodfill.o(.bss)
    visit                                    0x20000ae4   Data         256  floodfill.o(.bss)
    dist                                     0x20000be4   Data        1024  floodfill.o(.bss)
    bestRouteX                               0x20000fe4   Data        1024  floodfill.o(.bss)
    bestRouteY                               0x200013e4   Data        1024  floodfill.o(.bss)
    parentX                                  0x200017e4   Data        1024  floodfill.o(.bss)
    parentY                                  0x20001be4   Data        1024  floodfill.o(.bss)
    LLED                                     0x20001fe4   Data          20  led.o(.bss)
    RLED                                     0x20001ff8   Data          20  led.o(.bss)
    IR_values                                0x2000200c   Data          12  ir.o(.bss)
    L_emitter                                0x20002018   Data          20  ir.o(.bss)
    R_emitter                                0x2000202c   Data          20  ir.o(.bss)
    LF_emitter                               0x20002040   Data          20  ir.o(.bss)
    RF_emitter                               0x20002054   Data          20  ir.o(.bss)
    wall                                     0x20002888   Data          12  pid.o(.bss)
    __heap_base                              0x20002898   Data           0  startup_stm32f40_41xxx.o(HEAP)
    __heap_limit                             0x20002a98   Data           0  startup_stm32f40_41xxx.o(HEAP)
    __initial_sp                             0x20002e98   Data           0  startup_stm32f40_41xxx.o(STACK)



==============================================================================

Memory Map of the image

  Image Entry point : 0x08000189

  Load Region LR_IROM1 (Base: 0x08000000, Size: 0x000057c0, Max: 0x00100000, ABSOLUTE, COMPRESSED[0x00005694])

    Execution Region ER_IROM1 (Exec base: 0x08000000, Load base: 0x08000000, Size: 0x0000564c, Max: 0x00100000, ABSOLUTE)

    Exec Addr    Load Addr    Size         Type   Attr      Idx    E Section Name        Object

    0x08000000   0x08000000   0x00000188   Data   RO         5387    RESET               startup_stm32f40_41xxx.o
    0x08000188   0x08000188   0x00000000   Code   RO         6344  * .ARM.Collect$$$$00000000  mc_w.l(entry.o)
    0x08000188   0x08000188   0x00000004   Code   RO         6673    .ARM.Collect$$$$00000001  mc_w.l(entry2.o)
    0x0800018c   0x0800018c   0x00000004   Code   RO         6676    .ARM.Collect$$$$00000004  mc_w.l(entry5.o)
    0x08000190   0x08000190   0x00000000   Code   RO         6678    .ARM.Collect$$$$00000008  mc_w.l(entry7b.o)
    0x08000190   0x08000190   0x00000000   Code   RO         6680    .ARM.Collect$$$$0000000A  mc_w.l(entry8b.o)
    0x08000190   0x08000190   0x00000008   Code   RO         6681    .ARM.Collect$$$$0000000B  mc_w.l(entry9a.o)
    0x08000198   0x08000198   0x00000000   Code   RO         6683    .ARM.Collect$$$$0000000D  mc_w.l(entry10a.o)
    0x08000198   0x08000198   0x00000000   Code   RO         6685    .ARM.Collect$$$$0000000F  mc_w.l(entry11a.o)
    0x08000198   0x08000198   0x00000004   Code   RO         6674    .ARM.Collect$$$$00002712  mc_w.l(entry2.o)
    0x0800019c   0x0800019c   0x00000024   Code   RO         5388    .text               startup_stm32f40_41xxx.o
    0x080001c0   0x080001c0   0x00000024   Code   RO         6350    .text               mc_w.l(memcpya.o)
    0x080001e4   0x080001e4   0x0000001c   Code   RO         6352    .text               mc_w.l(strcmp.o)
    0x08000200   0x08000200   0x00000044   Code   RO         6354    .text               mc_w.l(strtok.o)
    0x08000244   0x08000244   0x00000020   Code   RO         6651    .text               mc_w.l(__0scanf.o)
    0x08000264   0x08000264   0x0000014e   Code   RO         6653    .text               mf_w.l(dadd.o)
    0x080003b2   0x080003b2   0x000000e4   Code   RO         6655    .text               mf_w.l(dmul.o)
    0x08000496   0x08000496   0x000000de   Code   RO         6657    .text               mf_w.l(ddiv.o)
    0x08000574   0x08000574   0x00000022   Code   RO         6661    .text               mf_w.l(dflti.o)
    0x08000596   0x08000596   0x0000001a   Code   RO         6663    .text               mf_w.l(dfltui.o)
    0x080005b0   0x080005b0   0x00000032   Code   RO         6665    .text               mf_w.l(dfixui.o)
    0x080005e2   0x080005e2   0x00000026   Code   RO         6667    .text               mf_w.l(f2d.o)
    0x08000608   0x08000608   0x00000030   Code   RO         6669    .text               mf_w.l(cdcmple.o)
    0x08000638   0x08000638   0x00000030   Code   RO         6671    .text               mf_w.l(cdrcmple.o)
    0x08000668   0x08000668   0x0000002c   Code   RO         6688    .text               mc_w.l(uidiv.o)
    0x08000694   0x08000694   0x00000062   Code   RO         6690    .text               mc_w.l(uldiv.o)
    0x080006f6   0x080006f6   0x0000001e   Code   RO         6692    .text               mc_w.l(llshl.o)
    0x08000714   0x08000714   0x00000020   Code   RO         6694    .text               mc_w.l(llushr.o)
    0x08000734   0x08000734   0x00000024   Code   RO         6696    .text               mc_w.l(llsshr.o)
    0x08000758   0x08000758   0x0000009c   Code   RO         6707    .text               mc_w.l(strtod.o)
    0x080007f4   0x080007f4   0x0000001a   Code   RO         6709    .text               mc_w.l(strtof.o)
    0x0800080e   0x0800080e   0x00000002   PAD
    0x08000810   0x08000810   0x00000014   Code   RO         6711    .text               mc_w.l(scanf_char_file.o)
    0x08000824   0x08000824   0x00000000   Code   RO         6713    .text               mc_w.l(iusefp.o)
    0x08000824   0x08000824   0x000000ba   Code   RO         6714    .text               mf_w.l(depilogue.o)
    0x080008de   0x080008de   0x00000030   Code   RO         6716    .text               mf_w.l(dfixul.o)
    0x0800090e   0x0800090e   0x00000002   PAD
    0x08000910   0x08000910   0x00000024   Code   RO         6726    .text               mc_w.l(init.o)
    0x08000934   0x08000934   0x0000002c   Code   RO         6728    .text               mc_w.l(fgetc_b.o)
    0x08000960   0x08000960   0x0000000a   Code   RO         6731    .text               mc_w.l(isspace_c.o)
    0x0800096a   0x0800096a   0x00000002   PAD
    0x0800096c   0x0800096c   0x00000360   Code   RO         6733    .text               mc_w.l(scanf_fp.o)
    0x08000ccc   0x08000ccc   0x00000028   Code   RO         6737    .text               mc_w.l(scanf_char.o)
    0x08000cf4   0x08000cf4   0x00000040   Code   RO         6739    .text               mc_w.l(_sgetc.o)
    0x08000d34   0x08000d34   0x00000000   Code   RO         6747    .text               mc_w.l(semi.o)
    0x08000d34   0x08000d34   0x00000028   Code   RO         6748    .text               mc_w.l(ctype_c.o)
    0x08000d5c   0x08000d5c   0x0000032c   Code   RO         6751    .text               mc_w.l(_scanf.o)
    0x08001088   0x08001088   0x00000000   Code   RO         6753    .text               mc_w.l(iusesemig.o)
    0x08001088   0x08001088   0x00000018   Code   RO         6754    .text               mf_w.l(dfltul.o)
    0x080010a0   0x080010a0   0x00000038   Code   RO         6756    .text               mf_w.l(d2f.o)
    0x080010d8   0x080010d8   0x00000004   Code   RO         6758    .text               mf_w.l(fpstat.o)
    0x080010dc   0x080010dc   0x0000006e   Code   RO         6760    .text               mf_w.l(fepilogue.o)
    0x0800114a   0x0800114a   0x00000056   Code   RO         6770    .text               mc_w.l(__dczerorl2.o)
    0x080011a0   0x080011a0   0x00000014   Code   RO         2996    i.ADC_Cmd           stm32f4xx_adc.o
    0x080011b4   0x080011b4   0x0000002c   Code   RO         2997    i.ADC_CommonInit    stm32f4xx_adc.o
    0x080011e0   0x080011e0   0x00000014   Code   RO         3000    i.ADC_DMACmd        stm32f4xx_adc.o
    0x080011f4   0x080011f4   0x00000014   Code   RO         3001    i.ADC_DMARequestAfterLastTransferCmd  stm32f4xx_adc.o
    0x08001208   0x08001208   0x0000004c   Code   RO         3016    i.ADC_Init          stm32f4xx_adc.o
    0x08001254   0x08001254   0x00000074   Code   RO         3021    i.ADC_RegularChannelConfig  stm32f4xx_adc.o
    0x080012c8   0x080012c8   0x0000000a   Code   RO         3023    i.ADC_SoftwareStartConv  stm32f4xx_adc.o
    0x080012d2   0x080012d2   0x00000002   PAD
    0x080012d4   0x080012d4   0x00000144   Code   RO         5553    i.ADVTIM_PWM_OUTPUT  timer.o
    0x08001418   0x08001418   0x00000002   Code   RO          145    i.BusFault_Handler  stm32f4xx_it.o
    0x0800141a   0x0800141a   0x00000014   Code   RO         5225    i.DMA_Cmd           stm32f4xx_dma.o
    0x0800142e   0x0800142e   0x00000002   PAD
    0x08001430   0x08001430   0x00000034   Code   RO         5234    i.DMA_GetFlagStatus  stm32f4xx_dma.o
    0x08001464   0x08001464   0x00000054   Code   RO         5237    i.DMA_Init          stm32f4xx_dma.o
    0x080014b8   0x080014b8   0x00000002   Code   RO          146    i.DebugMon_Handler  stm32f4xx_it.o
    0x080014ba   0x080014ba   0x00000002   PAD
    0x080014bc   0x080014bc   0x00000020   Code   RO         6119    i.End_Straight_Condition  pid.o
    0x080014dc   0x080014dc   0x000000a2   Code   RO         5059    i.GPIO_Init         stm32f4xx_gpio.o
    0x0800157e   0x0800157e   0x00000020   Code   RO         5060    i.GPIO_PinAFConfig  stm32f4xx_gpio.o
    0x0800159e   0x0800159e   0x00000004   Code   RO         5066    i.GPIO_ResetBits    stm32f4xx_gpio.o
    0x080015a2   0x080015a2   0x00000004   Code   RO         5067    i.GPIO_SetBits      stm32f4xx_gpio.o
    0x080015a6   0x080015a6   0x0000003a   Code   RO         6047    i.GestureLED        startgesture.o
    0x080015e0   0x080015e0   0x00000030   Code   RO         6048    i.GestureState      startgesture.o
    0x08001610   0x08001610   0x00000002   Code   RO          147    i.HardFault_Handler  stm32f4xx_it.o
    0x08001612   0x08001612   0x00000002   PAD
    0x08001614   0x08001614   0x000000ec   Code   RO         6120    i.IR_ErrGen         pid.o
    0x08001700   0x08001700   0x00000040   Code   RO         5994    i.IR_pulse          ir.o
    0x08001740   0x08001740   0x0000003c   Code   RO         5554    i.LEnc              timer.o
    0x0800177c   0x0800177c   0x00000018   Code   RO         5921    i.L_LED_OFF         led.o
    0x08001794   0x08001794   0x00000018   Code   RO         5922    i.L_LED_ON          led.o
    0x080017ac   0x080017ac   0x00000094   Code   RO         6121    i.Lspeed            pid.o
    0x08001840   0x08001840   0x00000078   Code   RO         6122    i.LspeedTester      pid.o
    0x080018b8   0x080018b8   0x00000002   Code   RO          148    i.MemManage_Handler  stm32f4xx_it.o
    0x080018ba   0x080018ba   0x00000002   Code   RO          149    i.NMI_Handler       stm32f4xx_it.o
    0x080018bc   0x080018bc   0x00000158   Code   RO         5555    i.NORTIM_PWM_OUTPUT  timer.o
    0x08001a14   0x08001a14   0x00000064   Code   RO         4007    i.NVIC_Init         misc.o
    0x08001a78   0x08001a78   0x0000011a   Code   RO         6123    i.PID               pid.o
    0x08001b92   0x08001b92   0x00000022   Code   RO         5556    i.PWM_ON            timer.o
    0x08001bb4   0x08001bb4   0x00000002   Code   RO          150    i.PendSV_Handler    stm32f4xx_it.o
    0x08001bb6   0x08001bb6   0x00000002   PAD
    0x08001bb8   0x08001bb8   0x00000404   Code   RO          264    i.ProgramC_main     main.o
    0x08001fbc   0x08001fbc   0x00000184   Code   RO         5395    i.Pxx_decoder       gpio.o
    0x08002140   0x08002140   0x00000018   Code   RO         4690    i.RCC_AHB1PeriphClockCmd  stm32f4xx_rcc.o
    0x08002158   0x08002158   0x00000018   Code   RO         4699    i.RCC_APB1PeriphClockCmd  stm32f4xx_rcc.o
    0x08002170   0x08002170   0x00000018   Code   RO         4702    i.RCC_APB2PeriphClockCmd  stm32f4xx_rcc.o
    0x08002188   0x08002188   0x00000094   Code   RO         4711    i.RCC_GetClocksFreq  stm32f4xx_rcc.o
    0x0800221c   0x0800221c   0x00000040   Code   RO         5557    i.REnc              timer.o
    0x0800225c   0x0800225c   0x0000001c   Code   RO         5923    i.R_LED_OFF         led.o
    0x08002278   0x08002278   0x0000001c   Code   RO         5924    i.R_LED_ON          led.o
    0x08002294   0x08002294   0x0000001e   Code   RO         6124    i.Range             pid.o
    0x080022b2   0x080022b2   0x0000000e   Code   RO         5558    i.ResetEnc          timer.o
    0x080022c0   0x080022c0   0x00000018   Code   RO         5559    i.ResetLEnc         timer.o
    0x080022d8   0x080022d8   0x00000014   Code   RO         5560    i.ResetREnc         timer.o
    0x080022ec   0x080022ec   0x00000094   Code   RO         6125    i.Rspeed            pid.o
    0x08002380   0x08002380   0x00000078   Code   RO         6126    i.RspeedTester      pid.o
    0x080023f8   0x080023f8   0x00000002   Code   RO          151    i.SVC_Handler       stm32f4xx_it.o
    0x080023fa   0x080023fa   0x00000002   PAD
    0x080023fc   0x080023fc   0x00000078   Code   RO            4    i.SetSysClock       system_stm32f4xx.o
    0x08002474   0x08002474   0x00000004   Code   RO          152    i.SysTick_Handler   stm32f4xx_it.o
    0x08002478   0x08002478   0x00000010   Code   RO         5488    i.SysTick_Increment  systime.o
    0x08002488   0x08002488   0x00000030   Code   RO         5489    i.SysTick_Init      systime.o
    0x080024b8   0x080024b8   0x00000008   Code   RO         5490    i.SysTime_Init      systime.o
    0x080024c0   0x080024c0   0x0000005c   Code   RO            6    i.SystemInit        system_stm32f4xx.o
    0x0800251c   0x0800251c   0x0000003c   Code   RO          153    i.TIM3_IRQHandler   stm32f4xx_it.o
    0x08002558   0x08002558   0x000000ac   Code   RO         5561    i.TIM3_initIT       timer.o
    0x08002604   0x08002604   0x00000090   Code   RO         5995    i.TIM3_itTask_cc1   ir.o
    0x08002694   0x08002694   0x00000014   Code   RO         1810    i.TIM_ARRPreloadConfig  stm32f4xx_tim.o
    0x080026a8   0x080026a8   0x00000022   Code   RO         1811    i.TIM_BDTRConfig    stm32f4xx_tim.o
    0x080026ca   0x080026ca   0x00000006   Code   RO         1817    i.TIM_ClearITPendingBit  stm32f4xx_tim.o
    0x080026d0   0x080026d0   0x00000014   Code   RO         1822    i.TIM_Cmd           stm32f4xx_tim.o
    0x080026e4   0x080026e4   0x00000016   Code   RO         1824    i.TIM_CtrlPWMOutputs  stm32f4xx_tim.o
    0x080026fa   0x080026fa   0x00000032   Code   RO         1831    i.TIM_EncoderInterfaceConfig  stm32f4xx_tim.o
    0x0800272c   0x0800272c   0x00000004   Code   RO         1837    i.TIM_GetCapture1   stm32f4xx_tim.o
    0x08002730   0x08002730   0x00000018   Code   RO         1843    i.TIM_GetITStatus   stm32f4xx_tim.o
    0x08002748   0x08002748   0x00000010   Code   RO         1847    i.TIM_ITConfig      stm32f4xx_tim.o
    0x08002758   0x08002758   0x00000060   Code   RO         1851    i.TIM_OC1Init       stm32f4xx_tim.o
    0x080027b8   0x080027b8   0x0000000c   Code   RO         1854    i.TIM_OC1PreloadConfig  stm32f4xx_tim.o
    0x080027c4   0x080027c4   0x00000080   Code   RO         1856    i.TIM_OC2Init       stm32f4xx_tim.o
    0x08002844   0x08002844   0x00000014   Code   RO         1859    i.TIM_OC2PreloadConfig  stm32f4xx_tim.o
    0x08002858   0x08002858   0x0000007c   Code   RO         1861    i.TIM_OC3Init       stm32f4xx_tim.o
    0x080028d4   0x080028d4   0x0000000c   Code   RO         1864    i.TIM_OC3PreloadConfig  stm32f4xx_tim.o
    0x080028e0   0x080028e0   0x00000060   Code   RO         1866    i.TIM_OC4Init       stm32f4xx_tim.o
    0x08002940   0x08002940   0x00000014   Code   RO         1868    i.TIM_OC4PreloadConfig  stm32f4xx_tim.o
    0x08002954   0x08002954   0x00000006   Code   RO         1871    i.TIM_PrescalerConfig  stm32f4xx_tim.o
    0x0800295a   0x0800295a   0x00000004   Code   RO         1882    i.TIM_SetAutoreload  stm32f4xx_tim.o
    0x0800295e   0x0800295e   0x00000004   Code   RO         1884    i.TIM_SetCompare1   stm32f4xx_tim.o
    0x08002962   0x08002962   0x00000002   PAD
    0x08002964   0x08002964   0x0000007c   Code   RO         1894    i.TIM_TimeBaseInit  stm32f4xx_tim.o
    0x080029e0   0x080029e0   0x00000094   Code   RO         6128    i.TurnLeft          pid.o
    0x08002a74   0x08002a74   0x00000094   Code   RO         6129    i.TurnRight         pid.o
    0x08002b08   0x08002b08   0x00000014   Code   RO         3525    i.USART_Cmd         stm32f4xx_usart.o
    0x08002b1c   0x08002b1c   0x0000000e   Code   RO         3528    i.USART_GetFlagStatus  stm32f4xx_usart.o
    0x08002b2a   0x08002b2a   0x00000002   PAD
    0x08002b2c   0x08002b2c   0x000000ac   Code   RO         3532    i.USART_Init        stm32f4xx_usart.o
    0x08002bd8   0x08002bd8   0x00000008   Code   RO         3539    i.USART_ReceiveData  stm32f4xx_usart.o
    0x08002be0   0x08002be0   0x00000008   Code   RO         3542    i.USART_SendData    stm32f4xx_usart.o
    0x08002be8   0x08002be8   0x0000008c   Code   RO         5657    i.USART_decoder     usart.o
    0x08002c74   0x08002c74   0x00000002   Code   RO          154    i.UsageFault_Handler  stm32f4xx_it.o
    0x08002c76   0x08002c76   0x00000002   PAD
    0x08002c78   0x08002c78   0x00000020   Code   RO         6595    i.__0printf         mc_w.l(printfa.o)
    0x08002c98   0x08002c98   0x000000f8   Code   RO         6718    i.__hardfp___mathlib_tofloat  m_wm.l(narrow.o)
    0x08002d90   0x08002d90   0x00000038   Code   RO         6332    i.__hardfp_atof     m_wm.l(atof.o)
    0x08002dc8   0x08002dc8   0x00000020   Code   RO         6338    i.__hardfp_strtof   m_wm.l(strtof.o)
    0x08002de8   0x08002de8   0x00000012   Code   RO         6719    i.__mathlib_narrow  m_wm.l(narrow.o)
    0x08002dfa   0x08002dfa   0x00000002   PAD
    0x08002dfc   0x08002dfc   0x0000000c   Code   RO         6701    i.__read_errno      mc_w.l(errno.o)
    0x08002e08   0x08002e08   0x0000000e   Code   RO         6764    i.__scatterload_copy  mc_w.l(handlers.o)
    0x08002e16   0x08002e16   0x00000002   Code   RO         6765    i.__scatterload_null  mc_w.l(handlers.o)
    0x08002e18   0x08002e18   0x0000000e   Code   RO         6766    i.__scatterload_zeroinit  mc_w.l(handlers.o)
    0x08002e26   0x08002e26   0x00000002   PAD
    0x08002e28   0x08002e28   0x0000000c   Code   RO         6702    i.__set_errno       mc_w.l(errno.o)
    0x08002e34   0x08002e34   0x00000184   Code   RO         6602    i._fp_digits        mc_w.l(printfa.o)
    0x08002fb8   0x08002fb8   0x0000000e   Code   RO         6735    i._is_digit         mc_w.l(scanf_fp.o)
    0x08002fc6   0x08002fc6   0x00000002   PAD
    0x08002fc8   0x08002fc8   0x000006dc   Code   RO         6603    i._printf_core      mc_w.l(printfa.o)
    0x080036a4   0x080036a4   0x00000024   Code   RO         6604    i._printf_post_padding  mc_w.l(printfa.o)
    0x080036c8   0x080036c8   0x0000002e   Code   RO         6605    i._printf_pre_padding  mc_w.l(printfa.o)
    0x080036f6   0x080036f6   0x00000002   PAD
    0x080036f8   0x080036f8   0x0000005c   Code   RO         5724    i.addADC            adc.o
    0x08003754   0x08003754   0x0000002c   Code   RO         5725    i.analogRead        adc.o
    0x08003780   0x08003780   0x0000002c   Code   RO         5925    i.blinkLED          led.o
    0x080037ac   0x080037ac   0x0000002c   Code   RO         5926    i.blinkLED_Both     led.o
    0x080037d8   0x080037d8   0x00000024   Code   RO         5927    i.blinkLED_Left     led.o
    0x080037fc   0x080037fc   0x00000024   Code   RO         5928    i.blinkLED_Right    led.o
    0x08003820   0x08003820   0x00000020   Code   RO         6131    i.canMoveForward    pid.o
    0x08003840   0x08003840   0x00000014   Code   RO         6132    i.canMoveLeft       pid.o
    0x08003854   0x08003854   0x00000014   Code   RO         6133    i.canMoveRight      pid.o
    0x08003868   0x08003868   0x00000020   Code   RO         6134    i.convertToAngle    pid.o
    0x08003888   0x08003888   0x00000020   Code   RO         6135    i.convertToCM       pid.o
    0x080038a8   0x080038a8   0x0000004a   Code   RO         5870    i.curve             motor.o
    0x080038f2   0x080038f2   0x00000002   PAD
    0x080038f4   0x080038f4   0x00000014   Code   RO         5491    i.delay             systime.o
    0x08003908   0x08003908   0x0000001a   Code   RO         5397    i.digitalWrite      gpio.o
    0x08003922   0x08003922   0x00000002   PAD
    0x08003924   0x08003924   0x000000f8   Code   RO         5770    i.driver            floodfill.o
    0x08003a1c   0x08003a1c   0x00000020   Code   RO         5658    i.fgetc             usart.o
    0x08003a3c   0x08003a3c   0x00000388   Code   RO         5771    i.floodfill         floodfill.o
    0x08003dc4   0x08003dc4   0x00000024   Code   RO         5659    i.fputc             usart.o
    0x08003de8   0x08003de8   0x0000008c   Code   RO         6743    i.frexp             m_wm.l(frexp.o)
    0x08003e74   0x08003e74   0x00000048   Code   RO         6136    i.gS_Tester         pid.o
    0x08003ebc   0x08003ebc   0x00000004   Code   RO         6347    i.getc              mc_w.l(getc.o)
    0x08003ec0   0x08003ec0   0x000000bc   Code   RO         6138    i.goStraight        pid.o
    0x08003f7c   0x08003f7c   0x000000f4   Code   RO         6139    i.halt              pid.o
    0x08004070   0x08004070   0x0000013c   Code   RO         5726    i.initADC           adc.o
    0x080041ac   0x080041ac   0x000000e8   Code   RO         5562    i.initEncoder       timer.o
    0x08004294   0x08004294   0x000000d4   Code   RO         5772    i.initFloodfill     floodfill.o
    0x08004368   0x08004368   0x000000a2   Code   RO         5399    i.initIO            gpio.o
    0x0800440a   0x0800440a   0x00000002   PAD
    0x0800440c   0x0800440c   0x00000138   Code   RO         5563    i.initIO_TIM        timer.o
    0x08004544   0x08004544   0x000000c4   Code   RO         5996    i.initIR            ir.o
    0x08004608   0x08004608   0x00000038   Code   RO         5929    i.initLED           led.o
    0x08004640   0x08004640   0x0000008c   Code   RO         5871    i.initMotor         motor.o
    0x080046cc   0x080046cc   0x00000020   Code   RO         6140    i.initPID           pid.o
    0x080046ec   0x080046ec   0x00000068   Code   RO          265    i.initPeriphs       main.o
    0x08004754   0x08004754   0x000000c8   Code   RO         5660    i.initUSART         usart.o
    0x0800481c   0x0800481c   0x00000040   Code   RO         5773    i.isCenter          floodfill.o
    0x0800485c   0x0800485c   0x0000000e   Code   RO         5831    i.isEmpty           stack.o
    0x0800486a   0x0800486a   0x00000002   PAD
    0x0800486c   0x0800486c   0x00000020   Code   RO         6142    i.luckyGO           pid.o
    0x0800488c   0x0800488c   0x0000002c   Code   RO          266    i.main              main.o
    0x080048b8   0x080048b8   0x0000006c   Code   RO         6624    i.malloc            mc_w.l(malloc.o)
    0x08004924   0x08004924   0x00000038   Code   RO         5493    i.micros            systime.o
    0x0800495c   0x0800495c   0x0000000c   Code   RO         5494    i.millis            systime.o
    0x08004968   0x08004968   0x000001fc   Code   RO         5872    i.motor             motor.o
    0x08004b64   0x08004b64   0x0000001e   Code   RO         5832    i.newStack          stack.o
    0x08004b82   0x08004b82   0x00000010   Code   RO         5833    i.peek              stack.o
    0x08004b92   0x08004b92   0x00000014   Code   RO         5834    i.pop               stack.o
    0x08004ba6   0x08004ba6   0x00000002   PAD
    0x08004ba8   0x08004ba8   0x0000000c   Code   RO         5661    i.printfForUx       usart.o
    0x08004bb4   0x08004bb4   0x0000000c   Code   RO         5835    i.push              stack.o
    0x08004bc0   0x08004bc0   0x00000030   Code   RO         5662    i.readLine          usart.o
    0x08004bf0   0x08004bf0   0x0000000c   Code   RO         5663    i.scanfForUx        usart.o
    0x08004bfc   0x08004bfc   0x000001b4   Code   RO         5564    i.setPWM            timer.o
    0x08004db0   0x08004db0   0x0000028a   Code   RO         6049    i.startGesture      startgesture.o
    0x0800503a   0x0800503a   0x00000002   PAD
    0x0800503c   0x0800503c   0x00000018   Code   RO         5874    i.stop              motor.o
    0x08005054   0x08005054   0x0000009c   Code   RO         6146    i.turnBackX         pid.o
    0x080050f0   0x080050f0   0x00000124   Code   RO         6147    i.turnForward       pid.o
    0x08005214   0x08005214   0x00000128   Code   RO         6148    i.turnLeft          pid.o
    0x0800533c   0x0800533c   0x00000128   Code   RO         6149    i.turnRight         pid.o
    0x08005464   0x08005464   0x00000044   Code   RO         6150    i.updateCell        pid.o
    0x080054a8   0x080054a8   0x000000b8   Code   RO         5774    i.updatePosition    floodfill.o
    0x08005560   0x08005560   0x0000000e   Code   RO         5565    i.usToCCR           timer.o
    0x0800556e   0x0800556e   0x00000002   PAD
    0x08005570   0x08005570   0x00000020   Code   RO         6151    i.us_to_sec         pid.o
    0x08005590   0x08005590   0x00000014   Code   RO         5775    i.withinBounds      floodfill.o
    0x080055a4   0x080055a4   0x00000040   Data   RO         6749    .constdata          mc_w.l(ctype_c.o)
    0x080055e4   0x080055e4   0x00000047   Data   RO          267    .conststring        main.o
    0x0800562b   0x0800562b   0x00000001   PAD
    0x0800562c   0x0800562c   0x00000020   Data   RO         6762    Region$$Table       anon$$obj.o


    Execution Region RW_IRAM1 (Exec base: 0x20000000, Load base: 0x0800564c, Size: 0x00002e98, Max: 0x00020000, ABSOLUTE, COMPRESSED[0x00000048])

    Exec Addr    Load Addr    Size         Type   Attr      Idx    E Section Name        Object

    0x20000000   COMPRESSED   0x00000014   Data   RW            7    .data               system_stm32f4xx.o
    0x20000014   COMPRESSED   0x00000004   PAD
    0x20000018   COMPRESSED   0x00000020   Data   RW          268    .data               main.o
    0x20000038   COMPRESSED   0x00000010   Data   RW         4743    .data               stm32f4xx_rcc.o
    0x20000048   COMPRESSED   0x00000004   Data   RW         5495    .data               systime.o
    0x2000004c   COMPRESSED   0x00000004   PAD
    0x20000050   COMPRESSED   0x00000018   Data   RW         5567    .data               timer.o
    0x20000068   COMPRESSED   0x00000008   Data   RW         5664    .data               usart.o
    0x20000070   COMPRESSED   0x00000001   Data   RW         5728    .data               adc.o
    0x20000071   COMPRESSED   0x00000003   PAD
    0x20000074   COMPRESSED   0x00000054   Data   RW         5777    .data               floodfill.o
    0x200000c8   COMPRESSED   0x00000028   Data   RW         5875    .data               motor.o
    0x200000f0   COMPRESSED   0x00000020   Data   RW         5999    .data               ir.o
    0x20000110   COMPRESSED   0x00000004   Data   RW         6050    .data               startgesture.o
    0x20000114   COMPRESSED   0x00000004   PAD
    0x20000118   COMPRESSED   0x00000040   Data   RW         6153    .data               pid.o
    0x20000158   COMPRESSED   0x00000004   Data   RW         6349    .data               mc_w.l(stdin.o)
    0x2000015c   COMPRESSED   0x00000004   Data   RW         6355    .data               mc_w.l(strtok.o)
    0x20000160   COMPRESSED   0x00000004   Data   RW         6687    .data               mc_w.l(stdout.o)
    0x20000164   COMPRESSED   0x00000004   Data   RW         6698    .data               mc_w.l(mvars.o)
    0x20000168   COMPRESSED   0x00000004   Data   RW         6699    .data               mc_w.l(mvars.o)
    0x2000016c   COMPRESSED   0x00000004   Data   RW         6703    .data               mc_w.l(errno.o)
    0x20000170   COMPRESSED   0x00000003   Data   RW         6729    .data               mc_w.l(fgetc_b.o)
    0x20000173   COMPRESSED   0x00000001   PAD
    0x20000174        -       0x00000020   Zero   RW         5566    .bss                timer.o
    0x20000194        -       0x00000030   Zero   RW         5727    .bss                adc.o
    0x200001c4        -       0x00001e20   Zero   RW         5776    .bss                floodfill.o
    0x20001fe4        -       0x00000028   Zero   RW         5930    .bss                led.o
    0x2000200c        -       0x0000005c   Zero   RW         5998    .bss                ir.o
    0x20002068        -       0x0000082c   Zero   RW         6152    .bss                pid.o
    0x20002894   COMPRESSED   0x00000004   PAD
    0x20002898        -       0x00000200   Zero   RW         5386    HEAP                startup_stm32f40_41xxx.o
    0x20002a98        -       0x00000400   Zero   RW         5385    STACK               startup_stm32f40_41xxx.o


==============================================================================

Image component sizes


      Code (inc. data)   RO Data    RW Data    ZI Data      Debug   Object Name

       452         48          0          1         48       3271   adc.o
      1632        420          0         84       7712       6947   floodfill.o
       576         58          0          0          0       5466   gpio.o
       404         44          0         32         92       3039   ir.o
       320         26          0          0         40       5850   led.o
      1176        412         71         32          0       5007   main.o
       100          4          0          0          0       3116   misc.o
       746         66          0         40          0       3409   motor.o
      3256        444          0         64       2092      20114   pid.o
        92          0          0          0          0       3609   stack.o
       756          8          0          4          0       3047   startgesture.o
        36          8        392          0       1536       1000   startup_stm32f40_41xxx.o
       306         20          0          0          0      20623   stm32f4xx_adc.o
         0          0          0          0          0      15624   stm32f4xx_dfsdm.o
       156         16          0          0          0      16405   stm32f4xx_dma.o
         0          0          0          0          0      15552   stm32f4xx_flash.o
       202          0          0          0          0      10815   stm32f4xx_gpio.o
        80          8          0          0          0       5772   stm32f4xx_it.o
       220         34          0         16          0       5495   stm32f4xx_rcc.o
       842         60          0          0          0      37441   stm32f4xx_tim.o
       222          8          0          0          0      10904   stm32f4xx_usart.o
       212         36          0         20          0     305217   system_stm32f4xx.o
       160         40          0          4          0      33625   systime.o
      2050        238          0         24         32      10618   timer.o
       480         50          0          8          0       5932   usart.o

    ----------------------------------------------------------------------
     14508       2048        496        344      11556     557898   Object Totals
         0          0         32          0          0          0   (incl. Generated)
        32          0          1         15          4          0   (incl. Padding)

    ----------------------------------------------------------------------

      Code (inc. data)   RO Data    RW Data    ZI Data      Debug   Library Member Name

        56         12          0          0          0        132   atof.o
       140         22          0          0          0        132   frexp.o
       266         16          0          0          0        308   narrow.o
        32          6          0          0          0        124   strtof.o
        32          6          0          0          0         84   __0scanf.o
        86          0          0          0          0          0   __dczerorl2.o
       812          4          0          0          0        112   _scanf.o
        64          0          0          0          0         84   _sgetc.o
        40          6         64          0          0         68   ctype_c.o
         0          0          0          0          0          0   entry.o
         0          0          0          0          0          0   entry10a.o
         0          0          0          0          0          0   entry11a.o
         8          4          0          0          0          0   entry2.o
         4          0          0          0          0          0   entry5.o
         0          0          0          0          0          0   entry7b.o
         0          0          0          0          0          0   entry8b.o
         8          4          0          0          0          0   entry9a.o
        24         12          0          4          0        136   errno.o
        44          6          0          3          0        144   fgetc_b.o
         4          0          0          0          0         68   getc.o
        30          0          0          0          0          0   handlers.o
        36          8          0          0          0         68   init.o
        10          0          0          0          0         68   isspace_c.o
         0          0          0          0          0          0   iusefp.o
         0          0          0          0          0          0   iusesemig.o
        30          0          0          0          0         68   llshl.o
        36          0          0          0          0         68   llsshr.o
        32          0          0          0          0         68   llushr.o
       108         16          0          0          0         84   malloc.o
        36          0          0          0          0         68   memcpya.o
         0          0          0          8          0          0   mvars.o
      2258         90          0          0          0        452   printfa.o
        40          8          0          0          0         84   scanf_char.o
        20          8          0          0          0         68   scanf_char_file.o
       878         12          0          0          0        216   scanf_fp.o
         0          0          0          0          0          0   semi.o
         0          0          0          4          0          0   stdin.o
         0          0          0          4          0          0   stdout.o
        28          0          0          0          0         76   strcmp.o
       156         12          0          0          0        120   strtod.o
        26          0          0          0          0         80   strtof.o
        68          6          0          4          0         80   strtok.o
        44          0          0          0          0         80   uidiv.o
        98          0          0          0          0         92   uldiv.o
        48          0          0          0          0         68   cdcmple.o
        48          0          0          0          0         68   cdrcmple.o
        56          0          0          0          0         88   d2f.o
       334          0          0          0          0        148   dadd.o
       222          0          0          0          0        100   ddiv.o
       186          0          0          0          0        176   depilogue.o
        50          0          0          0          0         76   dfixui.o
        48          0          0          0          0         68   dfixul.o
        34          0          0          0          0         76   dflti.o
        26          0          0          0          0         76   dfltui.o
        24          0          0          0          0         76   dfltul.o
       228          0          0          0          0         96   dmul.o
        38          0          0          0          0         68   f2d.o
       110          0          0          0          0        168   fepilogue.o
         4          0          0          0          0         68   fpstat.o

    ----------------------------------------------------------------------
      7024        258         64         28          0       4652   Library Totals
        14          0          0          1          0          0   (incl. Padding)

    ----------------------------------------------------------------------

      Code (inc. data)   RO Data    RW Data    ZI Data      Debug   Library Name

       494         56          0          0          0        696   m_wm.l
      5060        202         64         27          0       2536   mc_w.l
      1456          0          0          0          0       1420   mf_w.l

    ----------------------------------------------------------------------
      7024        258         64         28          0       4652   Library Totals

    ----------------------------------------------------------------------

==============================================================================


      Code (inc. data)   RO Data    RW Data    ZI Data      Debug   

     21532       2306        560        372      11556     546250   Grand Totals
     21532       2306        560         72      11556     546250   ELF Image Totals (compressed)
     21532       2306        560         72          0          0   ROM Totals

==============================================================================

    Total RO  Size (Code + RO Data)                22092 (  21.57kB)
    Total RW  Size (RW Data + ZI Data)             11928 (  11.65kB)
    Total ROM Size (Code + RO Data + RW Data)      22164 (  21.64kB)

==============================================================================

