<html>
<body>
<pre>
<h1>µVision Build Log</h1>
<h2>Tool Versions:</h2>
IDE-Version: µVision V5.24.2.0
Copyright (C) 2017 ARM Ltd and ARM Germany GmbH. All rights reserved.
License Information: John Windows, UCSD, LIC=----
 
Tool Versions:
Toolchain:       MDK-Lite  Version: 5.24.1
Toolchain Path:  C:\Keil_v5\ARM\ARMCC\Bin
C Compiler:      Armcc.exe V5.06 update 5 (build 528)
Assembler:       Armasm.exe V5.06 update 5 (build 528)
Linker/Locator:  ArmLink.exe V5.06 update 5 (build 528)
Library Manager: ArmAr.exe V5.06 update 5 (build 528)
Hex Converter:   FromElf.exe V5.06 update 5 (build 528)
CPU DLL:         SARMCM3.DLL V5.24.1
Dialog DLL:      DCM.DLL V1.16.0.0
Target DLL:      STLink\ST-LINKIII-KEIL_SWO.dll V3.0.1.0
Dialog DLL:      TCM.DLL V1.32.0.0
 
<h2>Project:</h2>
C:\Users\zhang\Documents\GitHub\MicroMouse-Team1\STM32 Custom Library\Project\Code\MDK-ARM\Project.uvprojx
Project File Date:  03/03/2018

<h2>Output:</h2>
*** Using Compiler 'V5.06 update 5 (build 528)', folder: 'C:\Keil_v5\ARM\ARMCC\Bin'
Build target 'STM32F446xx'
compiling main.c...
compiling stm32f4xx_it.c...
compiling system_stm32f4xx.c...
compiling stm32f4xx_pwr.c...
compiling stm32f4xx_dma2d.c...
compiling stm32f4xx_flash.c...
compiling stm32f4xx_wwdg.c...
compiling stm32f4xx_fmpi2c.c...
compiling stm32f4xx_spi.c...
compiling stm32f4xx_hash.c...
compiling stm32f4xx_dfsdm.c...
compiling stm32f4xx_ltdc.c...
compiling stm32f4xx_dbgmcu.c...
compiling stm32f4xx_sdio.c...
compiling stm32f4xx_tim.c...
compiling stm32f4xx_iwdg.c...
compiling stm32f4xx_cryp.c...
compiling stm32f4xx_rtc.c...
compiling stm32f4xx_cryp_tdes.c...
compiling stm32f4xx_cryp_aes.c...
compiling stm32f4xx_adc.c...
compiling stm32f4xx_cec.c...
compiling stm32f4xx_cryp_des.c...
compiling stm32f4xx_i2c.c...
compiling stm32f4xx_spdifrx.c...
compiling stm32f4xx_usart.c...
compiling stm32f4xx_sai.c...
compiling stm32f4xx_crc.c...
compiling stm32f4xx_rng.c...
compiling misc.c...
compiling stm32f4xx_lptim.c...
compiling stm32f4xx_dac.c...
compiling stm32f4xx_exti.c...
compiling stm32f4xx_dcmi.c...
compiling stm32f4xx_can.c...
compiling stm32f4xx_qspi.c...
compiling stm32f4xx_hash_md5.c...
compiling stm32f4xx_gpio.c...
compiling stm32f4xx_rcc.c...
compiling stm32f4xx_syscfg.c...
compiling stm32f4xx_hash_sha1.c...
compiling stm32f4xx_dma.c...
assembling startup_stm32f446xx.s...
compiling GPIO.c...
compiling stm32f4xx_fmc.c...
compiling Initiation.c...
compiling SysTime.c...
compiling Timer.c...
linking...
Program Size: Code=2656 RO-data=484 RW-data=24 ZI-data=1056  
"STM32F446xx\STM32F446xx.axf" - 0 Error(s), 0 Warning(s).

<h2>Software Packages used:</h2>

Package Vendor: ARM
                http://www.keil.com/pack/ARM.CMSIS.5.0.1.pack
                ARM.CMSIS.5.0.1
                CMSIS (Cortex Microcontroller Software Interface Standard)
   * Component: CORE Version: 5.0.1

Package Vendor: Keil
                http://www.keil.com/pack/Keil.STM32F4xx_DFP.2.11.0.pack
                Keil.STM32F4xx_DFP.2.11.0
                STMicroelectronics STM32F4 Series Device Support, Drivers and Examples

<h2>Collection of Component include folders:</h2>
  .\RTE\_STM32F446xx
  C:\Keil_v5\ARM\PACK\ARM\CMSIS\5.0.1\CMSIS\Include
  C:\Keil_v5\ARM\PACK\Keil\STM32F4xx_DFP\2.11.0\Drivers\CMSIS\Device\ST\STM32F4xx\Include

<h2>Collection of Component Files used:</h2>

   * Component: ARM::CMSIS:CORE:5.0.1
Build Time Elapsed:  00:00:21
</pre>
</body>
</html>
